Component: ARM Compiler 5.06 update 6 (build 750) Tool: armlink [4d35ed]

==============================================================================

Section Cross References

    startup_stm32f427xx.o(RESET) refers to startup_stm32f427xx.o(STACK) for __initial_sp
    startup_stm32f427xx.o(RESET) refers to startup_stm32f427xx.o(.text) for Reset_Handler
    startup_stm32f427xx.o(RESET) refers to stm32f4xx_it.o(i.NMI_Handler) for NMI_Handler
    startup_stm32f427xx.o(RESET) refers to stm32f4xx_it.o(i.HardFault_Handler) for HardFault_Handler
    startup_stm32f427xx.o(RESET) refers to stm32f4xx_it.o(i.MemManage_Handler) for MemManage_Handler
    startup_stm32f427xx.o(RESET) refers to stm32f4xx_it.o(i.BusFault_Handler) for BusFault_Handler
    startup_stm32f427xx.o(RESET) refers to stm32f4xx_it.o(i.UsageFault_Handler) for UsageFault_Handler
    startup_stm32f427xx.o(RESET) refers to port.o(.emb_text) for SVC_Handler
    startup_stm32f427xx.o(RESET) refers to stm32f4xx_it.o(i.DebugMon_Handler) for DebugMon_Handler
    startup_stm32f427xx.o(RESET) refers to port.o(i.SysTick_Handler) for SysTick_Handler
    startup_stm32f427xx.o(RESET) refers to stm32f4xx_it.o(i.CAN1_RX0_IRQHandler) for CAN1_RX0_IRQHandler
    startup_stm32f427xx.o(RESET) refers to stm32f4xx_it.o(i.TIM2_IRQHandler) for TIM2_IRQHandler
    startup_stm32f427xx.o(RESET) refers to stm32f4xx_it.o(i.USART1_IRQHandler) for USART1_IRQHandler
    startup_stm32f427xx.o(RESET) refers to stm32f4xx_it.o(i.TIM6_DAC_IRQHandler) for TIM6_DAC_IRQHandler
    startup_stm32f427xx.o(RESET) refers to stm32f4xx_it.o(i.DMA2_Stream2_IRQHandler) for DMA2_Stream2_IRQHandler
    startup_stm32f427xx.o(RESET) refers to stm32f4xx_it.o(i.USART6_IRQHandler) for USART6_IRQHandler
    startup_stm32f427xx.o(.text) refers to system_stm32f4xx.o(i.SystemInit) for SystemInit
    startup_stm32f427xx.o(.text) refers to entry.o(.ARM.Collect$$$$00000000) for __main
    main.o(i.HAL_TIM_PeriodElapsedCallback) refers to stm32f4xx_hal.o(i.HAL_IncTick) for HAL_IncTick
    main.o(i.SystemClock_Config) refers to memseta.o(.text) for __aeabi_memclr4
    main.o(i.SystemClock_Config) refers to stm32f4xx_hal_rcc.o(i.HAL_RCC_OscConfig) for HAL_RCC_OscConfig
    main.o(i.SystemClock_Config) refers to stm32f4xx_hal_rcc.o(i.HAL_RCC_ClockConfig) for HAL_RCC_ClockConfig
    main.o(i.main) refers to stm32f4xx_hal.o(i.HAL_Init) for HAL_Init
    main.o(i.main) refers to main.o(i.SystemClock_Config) for SystemClock_Config
    main.o(i.main) refers to gpio.o(i.MX_GPIO_Init) for MX_GPIO_Init
    main.o(i.main) refers to dma.o(i.MX_DMA_Init) for MX_DMA_Init
    main.o(i.main) refers to can.o(i.MX_CAN1_Init) for MX_CAN1_Init
    main.o(i.main) refers to spi.o(i.MX_SPI5_Init) for MX_SPI5_Init
    main.o(i.main) refers to usart.o(i.MX_USART1_UART_Init) for MX_USART1_UART_Init
    main.o(i.main) refers to tim.o(i.MX_TIM2_Init) for MX_TIM2_Init
    main.o(i.main) refers to usart.o(i.MX_USART6_UART_Init) for MX_USART6_UART_Init
    main.o(i.main) refers to adc.o(i.MX_ADC1_Init) for MX_ADC1_Init
    main.o(i.main) refers to tim.o(i.MX_TIM3_Init) for MX_TIM3_Init
    main.o(i.main) refers to remoter.o(i.dbus_uart_init) for dbus_uart_init
    main.o(i.main) refers to can.o(i.CAN_1_Filter_Config) for CAN_1_Filter_Config
    main.o(i.main) refers to stm32f4xx_hal_tim.o(i.HAL_TIM_Base_Start_IT) for HAL_TIM_Base_Start_IT
    main.o(i.main) refers to motor.o(i.Chassis_Init) for Chassis_Init
    main.o(i.main) refers to freertos.o(i.MX_FREERTOS_Init) for MX_FREERTOS_Init
    main.o(i.main) refers to cmsis_os.o(i.osKernelStart) for osKernelStart
    main.o(i.main) refers to tim.o(.bss) for htim2
    main.o(i.main) refers to dji_imu.o(.data) for DJI_IMUFUN
    gpio.o(i.MX_GPIO_Init) refers to memseta.o(.text) for __aeabi_memclr4
    gpio.o(i.MX_GPIO_Init) refers to stm32f4xx_hal_gpio.o(i.HAL_GPIO_WritePin) for HAL_GPIO_WritePin
    gpio.o(i.MX_GPIO_Init) refers to stm32f4xx_hal_gpio.o(i.HAL_GPIO_Init) for HAL_GPIO_Init
    freertos.o(i.MX_FREERTOS_Init) refers to memcpya.o(.text) for __aeabi_memcpy4
    freertos.o(i.MX_FREERTOS_Init) refers to cmsis_os.o(i.osThreadCreate) for osThreadCreate
    freertos.o(i.MX_FREERTOS_Init) refers to freertos.o(.constdata) for .constdata
    freertos.o(i.MX_FREERTOS_Init) refers to freertos.o(.data) for .data
    freertos.o(i.StartDefaultTask) refers to remoter.o(i.godie) for godie
    freertos.o(i.StartDefaultTask) refers to motor.o(i.follow_motor) for follow_motor
    freertos.o(i.StartDefaultTask) refers to motor.o(i.follow_motor_under) for follow_motor_under
    freertos.o(i.StartDefaultTask) refers to motor.o(i.moter_TIM2_IRQHandler) for moter_TIM2_IRQHandler
    freertos.o(i.StartDefaultTask) refers to cmsis_os.o(i.osDelay) for osDelay
    freertos.o(i.StartDefaultTask) refers to remoter.o(.bss) for rc
    freertos.o(i.StartTask02) refers to motor.o(i.read_start_imu) for read_start_imu
[...]
    i.prvInsertBlockIntoFreeList             0x080058ec   Section        0  heap_4.o(i.prvInsertBlockIntoFreeList)
    prvInsertBlockIntoFreeList               0x080058ed   Thumb Code    72  heap_4.o(i.prvInsertBlockIntoFreeList)
    i.prvResetNextTaskUnblockTime            0x08005938   Section        0  tasks.o(i.prvResetNextTaskUnblockTime)
    prvResetNextTaskUnblockTime              0x08005939   Thumb Code    26  tasks.o(i.prvResetNextTaskUnblockTime)
    i.prvTaskExitError                       0x08005958   Section        0  port.o(i.prvTaskExitError)
    prvTaskExitError                         0x08005959   Thumb Code    36  port.o(i.prvTaskExitError)
    i.pvPortMalloc                           0x08005980   Section        0  heap_4.o(i.pvPortMalloc)
    i.pxPortInitialiseStack                  0x08005a58   Section        0  port.o(i.pxPortInitialiseStack)
    i.quat_normalization                     0x08005a84   Section        0  ahrs.o(i.quat_normalization)
    quat_normalization                       0x08005a85   Thumb Code   126  ahrs.o(i.quat_normalization)
    i.rc_callback_handler                    0x08005b08   Section        0  remoter.o(i.rc_callback_handler)
    i.rc_dead                                0x08005ba8   Section        0  motor.o(i.rc_dead)
    i.read_start_imu                         0x08005bbc   Section        0  motor.o(i.read_start_imu)
    i.sqrtf                                  0x08005c10   Section        0  sqrtf.o(i.sqrtf)
    i.uart_receive_handler                   0x08005c50   Section        0  remoter.o(i.uart_receive_handler)
    i.update_w                               0x08005cb0   Section        0  ahrs.o(i.update_w)
    update_w                                 0x08005cb1   Thumb Code   122  ahrs.o(i.update_w)
    i.uxListRemove                           0x08005d2a   Section        0  list.o(i.uxListRemove)
    i.vApplicationGetIdleTaskMemory          0x08005d50   Section        0  freertos.o(i.vApplicationGetIdleTaskMemory)
    i.vListInitialise                        0x08005d64   Section        0  list.o(i.vListInitialise)
    i.vListInitialiseItem                    0x08005d7a   Section        0  list.o(i.vListInitialiseItem)
    i.vListInsert                            0x08005d80   Section        0  list.o(i.vListInsert)
    i.vListInsertEnd                         0x08005db0   Section        0  list.o(i.vListInsertEnd)
    i.vPortEnterCritical                     0x08005dc8   Section        0  port.o(i.vPortEnterCritical)
    i.vPortExitCritical                      0x08005e08   Section        0  port.o(i.vPortExitCritical)
    i.vPortFree                              0x08005e30   Section        0  heap_4.o(i.vPortFree)
    i.vPortSetupTimerInterrupt               0x08005e8c   Section        0  port.o(i.vPortSetupTimerInterrupt)
    i.vTaskDelay                             0x08005eb0   Section        0  tasks.o(i.vTaskDelay)
    i.vTaskStartScheduler                    0x08005efc   Section        0  tasks.o(i.vTaskStartScheduler)
    i.vTaskSuspendAll                        0x08005f68   Section        0  tasks.o(i.vTaskSuspendAll)
    i.vTaskSwitchContext                     0x08005f78   Section        0  tasks.o(i.vTaskSwitchContext)
    i.xPortStartScheduler                    0x08005fd4   Section        0  port.o(i.xPortStartScheduler)
    i.xTaskCreate                            0x080060c8   Section        0  tasks.o(i.xTaskCreate)
    i.xTaskCreateStatic                      0x08006122   Section        0  tasks.o(i.xTaskCreateStatic)
    i.xTaskIncrementTick                     0x08006178   Section        0  tasks.o(i.xTaskIncrementTick)
    i.xTaskResumeAll                         0x08006240   Section        0  tasks.o(i.xTaskResumeAll)
    .constdata                               0x08006304   Section       56  freertos.o(.constdata)
    .constdata                               0x0800633c   Section        8  stm32f4xx_hal_dma.o(.constdata)
    flagBitshiftOffset                       0x0800633c   Data           8  stm32f4xx_hal_dma.o(.constdata)
    .constdata                               0x08006344   Section       16  system_stm32f4xx.o(.constdata)
    .constdata                               0x08006354   Section        8  system_stm32f4xx.o(.constdata)
    .constdata                               0x0800635c   Section       28  dji_imu.o(.constdata)
    .constdata                               0x08006378   Section       12  ahrs.o(.constdata)
    .conststring                             0x08006384   Section       24  freertos.o(.conststring)
    .data                                    0x20000000   Section        8  freertos.o(.data)
    .data                                    0x20000008   Section        1  can.o(.data)
    i                                        0x20000008   Data           1  can.o(.data)
    .data                                    0x2000000c   Section       12  stm32f4xx_hal.o(.data)
    .data                                    0x20000018   Section        4  system_stm32f4xx.o(.data)
    .data                                    0x2000001c   Section       60  tasks.o(.data)
    pxDelayedTaskList                        0x20000020   Data           4  tasks.o(.data)
    pxOverflowDelayedTaskList                0x20000024   Data           4  tasks.o(.data)
    uxDeletedTasksWaitingCleanUp             0x20000028   Data           4  tasks.o(.data)
    uxCurrentNumberOfTasks                   0x2000002c   Data           4  tasks.o(.data)
    xTickCount                               0x20000030   Data           4  tasks.o(.data)
    uxTopReadyPriority                       0x20000034   Data           4  tasks.o(.data)
    xSchedulerRunning                        0x20000038   Data           4  tasks.o(.data)
    uxPendedTicks                            0x2000003c   Data           4  tasks.o(.data)
    xYieldPending                            0x20000040   Data           4  tasks.o(.data)
    xNumOfOverflows                          0x20000044   Data           4  tasks.o(.data)
    uxTaskNumber                             0x20000048   Data           4  tasks.o(.data)
    xNextTaskUnblockTime                     0x2000004c   Data           4  tasks.o(.data)
    xIdleTaskHandle                          0x20000050   Data           4  tasks.o(.data)
    uxSchedulerSuspended                     0x20000054   Data           4  tasks.o(.data)
    .data                                    0x20000058   Section       24  heap_4.o(.data)
    pxEnd                                    0x20000058   Data           4  heap_4.o(.data)
    xFreeBytesRemaining                      0x2000005c   Data           4  heap_4.o(.data)
    xMinimumEverFreeBytesRemaining           0x20000060   Data           4  heap_4.o(.data)
    xBlockAllocatedBit                       0x20000064   Data           4  heap_4.o(.data)
    xStart                                   0x20000068   Data           8  heap_4.o(.data)
    .data                                    0x20000070   Section       12  port.o(.data)
    ucMaxSysCallPriority                     0x20000070   Data           1  port.o(.data)
    uxCriticalNesting                        0x20000074   Data           4  port.o(.data)
    ulMaxPRIGROUPValue                       0x20000078   Data           4  port.o(.data)
    .data                                    0x2000007c   Section       36  motor.o(.data)
    .data                                    0x200000a0   Section        4  pid.o(.data)
    .data                                    0x200000a4   Section       72  imu_compensate.o(.data)
    temp_constant_time                       0x200000a6   Data           1  imu_compensate.o(.data)
    updata_count                             0x200000a7   Data           1  imu_compensate.o(.data)
    start_gyro_cali_time                     0x200000a8   Data           2  imu_compensate.o(.data)
    .data                                    0x200000ec   Section        8  imu_compensate.o(.data)
    .data                                    0x200000f4   Section       16  dji_imu.o(.data)
    .data                                    0x20000104   Section      134  dji_imu.o(.data)
    motion_time                              0x20000104   Data           1  dji_imu.o(.data)
    tx                                       0x20000105   Data           1  dji_imu.o(.data)
    rx                                       0x20000106   Data           1  dji_imu.o(.data)
    Gyro_Scale_Factor                        0x20000110   Data          36  dji_imu.o(.data)
    Accel_Scale_Factor                       0x20000134   Data          36  dji_imu.o(.data)
    Mag_Scale_Factor                         0x20000158   Data          36  dji_imu.o(.data)
    tx_buff                                  0x2000017c   Data          14  dji_imu.o(.data)
    .data                                    0x2000018c   Section       16  ahrs.o(.data)
    local_hight                              0x2000018c   Data           4  ahrs.o(.data)
    latitude                                 0x20000190   Data           4  ahrs.o(.data)
    local_gravity                            0x20000194   Data           4  ahrs.o(.data)
    carrier_gravity                          0x20000198   Data           4  ahrs.o(.data)
    .data                                    0x2000019c   Section        4  errno.o(.data)
    _errno                                   0x2000019c   Data           4  errno.o(.data)
    .bss                                     0x200001a0   Section      596  freertos.o(.bss)
    xIdleTaskTCBBuffer                       0x200001a0   Data          84  freertos.o(.bss)
    xIdleStack                               0x200001f4   Data         512  freertos.o(.bss)
    .bss                                     0x200003f4   Section       72  adc.o(.bss)
    .bss                                     0x2000043c   Section      144  can.o(.bss)
    TxMessage                                0x20000464   Data          24  can.o(.bss)
    .bss                                     0x200004cc   Section       88  spi.o(.bss)
    .bss                                     0x20000524   Section      128  tim.o(.bss)
    .bss                                     0x200005a4   Section      224  usart.o(.bss)
    .bss                                     0x20000684   Section       64  stm32f4xx_hal_timebase_tim.o(.bss)
    .bss                                     0x200006c4   Section      240  tasks.o(.bss)
    pxReadyTasksLists                        0x200006c4   Data         140  tasks.o(.bss)
    xDelayedTaskList1                        0x20000750   Data          20  tasks.o(.bss)
    xDelayedTaskList2                        0x20000764   Data          20  tasks.o(.bss)
    xPendingReadyList                        0x20000778   Data          20  tasks.o(.bss)
    xTasksWaitingTermination                 0x2000078c   Data          20  tasks.o(.bss)
    xSuspendedTaskList                       0x200007a0   Data          20  tasks.o(.bss)
    .bss                                     0x200007b4   Section    15360  heap_4.o(.bss)
    ucHeap                                   0x200007b4   Data       15360  heap_4.o(.bss)
    .bss                                     0x200043b4   Section      948  motor.o(.bss)
    .bss                                     0x20004768   Section       30  remoter.o(.bss)
    .bss                                     0x20004788   Section      244  imu_compensate.o(.bss)
    gyro_cali_offset                         0x20004788   Data          12  imu_compensate.o(.bss)
    Gyro_Offset                              0x20004794   Data          12  imu_compensate.o(.bss)
    INS_gyro                                 0x200047a0   Data          12  imu_compensate.o(.bss)
    INS_accel                                0x200047ac   Data          12  imu_compensate.o(.bss)
    INS_mag                                  0x200047b8   Data          12  imu_compensate.o(.bss)
    INS_Angle                                0x200047c4   Data          12  imu_compensate.o(.bss)
    INS_quat                                 0x200047d0   Data          16  imu_compensate.o(.bss)
    accel_fliter_1                           0x200047e0   Data          12  imu_compensate.o(.bss)
    accel_fliter_2                           0x200047ec   Data          12  imu_compensate.o(.bss)
    accel_fliter_3                           0x200047f8   Data          12  imu_compensate.o(.bss)
    mpu6500_real_data                        0x20004804   Data          44  imu_compensate.o(.bss)
    ist8310_real_data                        0x20004830   Data          16  imu_compensate.o(.bss)
    .bss                                     0x2000487c   Section       72  dji_imu.o(.bss)
    Accel_Offset                             0x2000487c   Data          12  dji_imu.o(.bss)
    Mag_Offset                               0x20004888   Data          12  dji_imu.o(.bss)
    STACK                                    0x200048c8   Section     1024  startup_stm32f427xx.o(STACK)

    Global Symbols

    Symbol Name                              Value     Ov Type        Size  Object(Section)

    BuildAttributes$$THM_ISAv4$E$P$D$K$B$S$7EM$VFPi3$EXTD16$VFPS$VFMA$PE$A:L22UL41UL21$X:L11$S22US41US21$IEEE1$IW$USESV6$~STKCKD$USESV7$~SHL$OTIME$ROPI$IEEEX$EBA8$MICROLIB$REQ8$PRES8$EABIv2 0x00000000   Number         0  anon$$obj.o ABSOLUTE
    __ARM_use_no_argv                        0x00000000   Number         0  main.o ABSOLUTE
    __cpp_initialize__aeabi_                  - Undefined Weak Reference
    __cxa_finalize                            - Undefined Weak Reference
    _clock_init                               - Undefined Weak Reference
    _microlib_exit                            - Undefined Weak Reference
    __Vectors_Size                           0x000001ac   Number         0  startup_stm32f427xx.o ABSOLUTE
    __Vectors                                0x08000000   Data           4  startup_stm32f427xx.o(RESET)
    __Vectors_End                            0x080001ac   Data           0  startup_stm32f427xx.o(RESET)
    __main                                   0x080001ad   Thumb Code     0  entry.o(.ARM.Collect$$$$00000000)
    _main_stk                                0x080001ad   Thumb Code     0  entry2.o(.ARM.Collect$$$$00000001)
    _main_scatterload                        0x080001b1   Thumb Code     0  entry5.o(.ARM.Collect$$$$00000004)
    __main_after_scatterload                 0x080001b5   Thumb Code     0  entry5.o(.ARM.Collect$$$$00000004)
    _main_clock                              0x080001b5   Thumb Code     0  entry7b.o(.ARM.Collect$$$$00000008)
    _main_cpp_init                           0x080001b5   Thumb Code     0  entry8b.o(.ARM.Collect$$$$0000000A)
    _main_init                               0x080001b5   Thumb Code     0  entry9a.o(.ARM.Collect$$$$0000000B)
    __rt_final_cpp                           0x080001bd   Thumb Code     0  entry10a.o(.ARM.Collect$$$$0000000D)
    __rt_final_exit                          0x080001bd   Thumb Code     0  entry11a.o(.ARM.Collect$$$$0000000F)
    SVC_Handler                              0x080001c1   Thumb Code    28  port.o(.emb_text)
    __asm___6_port_c_39a90d8d__prvStartFirstTask 0x080001e1   Thumb Code    36  port.o(.emb_text)
    __asm___6_port_c_39a90d8d__prvEnableVFP  0x08000209   Thumb Code    16  port.o(.emb_text)
    PendSV_Handler                           0x0800021d   Thumb Code    88  port.o(.emb_text)
    vPortGetIPSR                             0x08000279   Thumb Code     6  port.o(.emb_text)
    Reset_Handler                            0x08000281   Thumb Code     8  startup_stm32f427xx.o(.text)
    ADC_IRQHandler                           0x0800029b   Thumb Code     0  startup_stm32f427xx.o(.text)
    CAN1_RX1_IRQHandler                      0x0800029b   Thumb Code     0  startup_stm32f427xx.o(.text)
    CAN1_SCE_IRQHandler                      0x0800029b   Thumb Code     0  startup_stm32f427xx.o(.text)
    CAN1_TX_IRQHandler                       0x0800029b   Thumb Code     0  startup_stm32f427xx.o(.text)
    CAN2_RX0_IRQHandler                      0x0800029b   Thumb Code     0  startup_stm32f427xx.o(.text)
    CAN2_RX1_IRQHandler                      0x0800029b   Thumb Code     0  startup_stm32f427xx.o(.text)
    CAN2_SCE_IRQHandler                      0x0800029b   Thumb Code     0  startup_stm32f427xx.o(.text)
    CAN2_TX_IRQHandler                       0x0800029b   Thumb Code     0  startup_stm32f427xx.o(.text)
    DCMI_IRQHandler                          0x0800029b   Thumb Code     0  startup_stm32f427xx.o(.text)
    DMA1_Stream0_IRQHandler                  0x0800029b   Thumb Code     0  startup_stm32f427xx.o(.text)
    DMA1_Stream1_IRQHandler                  0x0800029b   Thumb Code     0  startup_stm32f427xx.o(.text)
    DMA1_Stream2_IRQHandler                  0x0800029b   Thumb Code     0  startup_stm32f427xx.o(.text)
    DMA1_Stream3_IRQHandler                  0x0800029b   Thumb Code     0  startup_stm32f427xx.o(.text)
    DMA1_Stream4_IRQHandler                  0x0800029b   Thumb Code     0  startup_stm32f427xx.o(.text)
    DMA1_Stream5_IRQHandler                  0x0800029b   Thumb Code     0  startup_stm32f427xx.o(.text)
    DMA1_Stream6_IRQHandler                  0x0800029b   Thumb Code     0  startup_stm32f427xx.o(.text)
    DMA1_Stream7_IRQHandler                  0x0800029b   Thumb Code     0  startup_stm32f427xx.o(.text)
    DMA2D_IRQHandler                         0x0800029b   Thumb Code     0  startup_stm32f427xx.o(.text)
    DMA2_Stream0_IRQHandler                  0x0800029b   Thumb Code     0  startup_stm32f427xx.o(.text)
    DMA2_Stream1_IRQHandler                  0x0800029b   Thumb Code     0  startup_stm32f427xx.o(.text)
    DMA2_Stream3_IRQHandler                  0x0800029b   Thumb Code     0  startup_stm32f427xx.o(.text)
    DMA2_Stream4_IRQHandler                  0x0800029b   Thumb Code     0  startup_stm32f427xx.o(.text)
    DMA2_Stream5_IRQHandler                  0x0800029b   Thumb Code     0  startup_stm32f427xx.o(.text)
    DMA2_Stream6_IRQHandler                  0x0800029b   Thumb Code     0  startup_stm32f427xx.o(.text)
    DMA2_Stream7_IRQHandler                  0x0800029b   Thumb Code     0  startup_stm32f427xx.o(.text)
    ETH_IRQHandler                           0x0800029b   Thumb Code     0  startup_stm32f427xx.o(.text)
    ETH_WKUP_IRQHandler                      0x0800029b   Thumb Code     0  startup_stm32f427xx.o(.text)
    EXTI0_IRQHandler                         0x0800029b   Thumb Code     0  startup_stm32f427xx.o(.text)
    EXTI15_10_IRQHandler                     0x0800029b   Thumb Code     0  startup_stm32f427xx.o(.text)
    EXTI1_IRQHandler                         0x0800029b   Thumb Code     0  startup_stm32f427xx.o(.text)
    EXTI2_IRQHandler                         0x0800029b   Thumb Code     0  startup_stm32f427xx.o(.text)
    EXTI3_IRQHandler                         0x0800029b   Thumb Code     0  startup_stm32f427xx.o(.text)
    EXTI4_IRQHandler                         0x0800029b   Thumb Code     0  startup_stm32f427xx.o(.text)
    EXTI9_5_IRQHandler                       0x0800029b   Thumb Code     0  startup_stm32f427xx.o(.text)
    FLASH_IRQHandler                         0x0800029b   Thumb Code     0  startup_stm32f427xx.o(.text)
    FMC_IRQHandler                           0x0800029b   Thumb Code     0  startup_stm32f427xx.o(.text)
    FPU_IRQHandler                           0x0800029b   Thumb Code     0  startup_stm32f427xx.o(.text)
    HASH_RNG_IRQHandler                      0x0800029b   Thumb Code     0  startup_stm32f427xx.o(.text)
    I2C1_ER_IRQHandler                       0x0800029b   Thumb Code     0  startup_stm32f427xx.o(.text)
    I2C1_EV_IRQHandler                       0x0800029b   Thumb Code     0  startup_stm32f427xx.o(.text)
    I2C2_ER_IRQHandler                       0x0800029b   Thumb Code     0  startup_stm32f427xx.o(.text)
    I2C2_EV_IRQHandler                       0x0800029b   Thumb Code     0  startup_stm32f427xx.o(.text)
    I2C3_ER_IRQHandler                       0x0800029b   Thumb Code     0  startup_stm32f427xx.o(.text)
    I2C3_EV_IRQHandler                       0x0800029b   Thumb Code     0  startup_stm32f427xx.o(.text)
    OTG_FS_IRQHandler                        0x0800029b   Thumb Code     0  startup_stm32f427xx.o(.text)
    OTG_FS_WKUP_IRQHandler                   0x0800029b   Thumb Code     0  startup_stm32f427xx.o(.text)
    OTG_HS_EP1_IN_IRQHandler                 0x0800029b   Thumb Code     0  startup_stm32f427xx.o(.text)
    OTG_HS_EP1_OUT_IRQHandler                0x0800029b   Thumb Code     0  startup_stm32f427xx.o(.text)
    OTG_HS_IRQHandler                        0x0800029b   Thumb Code     0  startup_stm32f427xx.o(.text)
    OTG_HS_WKUP_IRQHandler                   0x0800029b   Thumb Code     0  startup_stm32f427xx.o(.text)
    PVD_IRQHandler                           0x0800029b   Thumb Code     0  startup_stm32f427xx.o(.text)
    RCC_IRQHandler                           0x0800029b   Thumb Code     0  startup_stm32f427xx.o(.text)
    RTC_Alarm_IRQHandler                     0x0800029b   Thumb Code     0  startup_stm32f427xx.o(.text)
    RTC_WKUP_IRQHandler                      0x0800029b   Thumb Code     0  startup_stm32f427xx.o(.text)
    SAI1_IRQHandler                          0x0800029b   Thumb Code     0  startup_stm32f427xx.o(.text)
    SDIO_IRQHandler                          0x0800029b   Thumb Code     0  startup_stm32f427xx.o(.text)
    SPI1_IRQHandler                          0x0800029b   Thumb Code     0  startup_stm32f427xx.o(.text)
    SPI2_IRQHandler                          0x0800029b   Thumb Code     0  startup_stm32f427xx.o(.text)
    SPI3_IRQHandler                          0x0800029b   Thumb Code     0  startup_stm32f427xx.o(.text)
    SPI4_IRQHandler                          0x0800029b   Thumb Code     0  startup_stm32f427xx.o(.text)
    SPI5_IRQHandler                          0x0800029b   Thumb Code     0  startup_stm32f427xx.o(.text)
    SPI6_IRQHandler                          0x0800029b   Thumb Code     0  startup_stm32f427xx.o(.text)
    TAMP_STAMP_IRQHandler                    0x0800029b   Thumb Code     0  startup_stm32f427xx.o(.text)
    TIM1_BRK_TIM9_IRQHandler                 0x0800029b   Thumb Code     0  startup_stm32f427xx.o(.text)
    TIM1_CC_IRQHandler                       0x0800029b   Thumb Code     0  startup_stm32f427xx.o(.text)
    TIM1_TRG_COM_TIM11_IRQHandler            0x0800029b   Thumb Code     0  startup_stm32f427xx.o(.text)
    TIM1_UP_TIM10_IRQHandler                 0x0800029b   Thumb Code     0  startup_stm32f427xx.o(.text)
    TIM3_IRQHandler                          0x0800029b   Thumb Code     0  startup_stm32f427xx.o(.text)
    TIM4_IRQHandler                          0x0800029b   Thumb Code     0  startup_stm32f427xx.o(.text)
    TIM5_IRQHandler                          0x0800029b   Thumb Code     0  startup_stm32f427xx.o(.text)
    TIM7_IRQHandler                          0x0800029b   Thumb Code     0  startup_stm32f427xx.o(.text)
    TIM8_BRK_TIM12_IRQHandler                0x0800029b   Thumb Code     0  startup_stm32f427xx.o(.text)
    TIM8_CC_IRQHandler                       0x0800029b   Thumb Code     0  startup_stm32f427xx.o(.text)
    TIM8_TRG_COM_TIM14_IRQHandler            0x0800029b   Thumb Code     0  startup_stm32f427xx.o(.text)
    TIM8_UP_TIM13_IRQHandler                 0x0800029b   Thumb Code     0  startup_stm32f427xx.o(.text)
    UART4_IRQHandler                         0x0800029b   Thumb Code     0  startup_stm32f427xx.o(.text)
    UART5_IRQHandler                         0x0800029b   Thumb Code     0  startup_stm32f427xx.o(.text)
    UART7_IRQHandler                         0x0800029b   Thumb Code     0  startup_stm32f427xx.o(.text)
    UART8_IRQHandler                         0x0800029b   Thumb Code     0  startup_stm32f427xx.o(.text)
    USART2_IRQHandler                        0x0800029b   Thumb Code     0  startup_stm32f427xx.o(.text)
    USART3_IRQHandler                        0x0800029b   Thumb Code     0  startup_stm32f427xx.o(.text)
    WWDG_IRQHandler                          0x0800029b   Thumb Code     0  startup_stm32f427xx.o(.text)
    __aeabi_uldivmod                         0x080002a5   Thumb Code    98  uldiv.o(.text)
    __aeabi_memcpy                           0x08000307   Thumb Code    36  memcpya.o(.text)
    __aeabi_memcpy4                          0x08000307   Thumb Code     0  memcpya.o(.text)
    __aeabi_memcpy8                          0x08000307   Thumb Code     0  memcpya.o(.text)
    __aeabi_memset                           0x0800032b   Thumb Code    14  memseta.o(.text)
    __aeabi_memset4                          0x0800032b   Thumb Code     0  memseta.o(.text)
    __aeabi_memset8                          0x0800032b   Thumb Code     0  memseta.o(.text)
    __aeabi_memclr                           0x08000339   Thumb Code     4  memseta.o(.text)
    __aeabi_memclr4                          0x08000339   Thumb Code     0  memseta.o(.text)
    __aeabi_memclr8                          0x08000339   Thumb Code     0  memseta.o(.text)
    memset                                   0x0800033d   Thumb Code    18  memseta.o(.text)
    __aeabi_dadd                             0x0800034f   Thumb Code   322  dadd.o(.text)
    __aeabi_dsub                             0x08000491   Thumb Code     6  dadd.o(.text)
    __aeabi_drsub                            0x08000497   Thumb Code     6  dadd.o(.text)
    __aeabi_dmul                             0x0800049d   Thumb Code   228  dmul.o(.text)
    __aeabi_i2d                              0x08000581   Thumb Code    34  dflti.o(.text)
    __aeabi_d2iz                             0x080005a3   Thumb Code    62  dfixi.o(.text)
    __aeabi_d2f                              0x080005e1   Thumb Code    56  d2f.o(.text)
    __aeabi_llsl                             0x08000619   Thumb Code    30  llshl.o(.text)
    _ll_shift_l                              0x08000619   Thumb Code     0  llshl.o(.text)
    __aeabi_llsr                             0x08000637   Thumb Code    32  llushr.o(.text)
    _ll_ushift_r                             0x08000637   Thumb Code     0  llushr.o(.text)
    __aeabi_lasr                             0x08000657   Thumb Code    36  llsshr.o(.text)
    _ll_sshift_r                             0x08000657   Thumb Code     0  llsshr.o(.text)
    __I$use$fp                               0x0800067b   Thumb Code     0  iusefp.o(.text)
    _float_round                             0x0800067b   Thumb Code    18  fepilogue.o(.text)
    _float_epilogue                          0x0800068d   Thumb Code    92  fepilogue.o(.text)
    _double_round                            0x080006e9   Thumb Code    30  depilogue.o(.text)
    _double_epilogue                         0x08000707   Thumb Code   156  depilogue.o(.text)
    __scatterload                            0x080007a5   Thumb Code    28  init.o(.text)
    __scatterload_rt2                        0x080007a5   Thumb Code     0  init.o(.text)
    __decompress                             0x080007c9   Thumb Code     0  __dczerorl2.o(.text)
    __decompress1                            0x080007c9   Thumb Code    86  __dczerorl2.o(.text)
    arm_cos_f32                              0x08000821   Thumb Code   160  arm_cos_f32.o(.text.arm_cos_f32)
    arm_sin_f32                              0x080008c1   Thumb Code   152  arm_sin_f32.o(.text.arm_sin_f32)
    AHRS_asinf                               0x08000a81   Thumb Code     4  ahrs_middleware.o(i.AHRS_asinf)
    AHRS_atan2f                              0x08000a85   Thumb Code     4  ahrs_middleware.o(i.AHRS_atan2f)
    AHRS_cosf                                0x08000a89   Thumb Code     4  ahrs_middleware.o(i.AHRS_cosf)
    AHRS_get_height                          0x08000aa9   Thumb Code    14  ahrs_middleware.o(i.AHRS_get_height)
    AHRS_get_latitude                        0x08000abd   Thumb Code    14  ahrs_middleware.o(i.AHRS_get_latitude)
    AHRS_init                                0x08000ad1   Thumb Code   626  ahrs.o(i.AHRS_init)
    AHRS_invSqrt                             0x08000d6d   Thumb Code    40  ahrs_middleware.o(i.AHRS_invSqrt)
    AHRS_sinf                                0x08000d99   Thumb Code     4  ahrs_middleware.o(i.AHRS_sinf)
    AHRS_update                              0x08000d9d   Thumb Code   314  ahrs.o(i.AHRS_update)
    BusFault_Handler                         0x08000ed7   Thumb Code     2  stm32f4xx_it.o(i.BusFault_Handler)
    CAN1_RX0_IRQHandler                      0x08000ed9   Thumb Code     6  stm32f4xx_it.o(i.CAN1_RX0_IRQHandler)
    CAN_1_Filter_Config                      0x08000ee5   Thumb Code    56  can.o(i.CAN_1_Filter_Config)
    CAN_Control                              0x08000f21   Thumb Code    52  motor.o(i.CAN_Control)
    CLOUD_Position_PID                       0x08000f59   Thumb Code   130  pid.o(i.CLOUD_Position_PID)
    Chassis_Init                             0x08000fdd   Thumb Code   244  motor.o(i.Chassis_Init)
    DJI_IMU_Init                             0x080010f5   Thumb Code     4  dji_imu.o(i.DJI_IMU_Init)
    DMA2_Stream2_IRQHandler                  0x080010f9   Thumb Code     6  stm32f4xx_it.o(i.DMA2_Stream2_IRQHandler)
    DebugMon_Handler                         0x080011a9   Thumb Code     2  stm32f4xx_it.o(i.DebugMon_Handler)
    Error_Handler                            0x080011ab   Thumb Code     2  main.o(i.Error_Handler)
    HAL_ADC_ConfigChannel                    0x080011ad   Thumb Code   334  stm32f4xx_hal_adc.o(i.HAL_ADC_ConfigChannel)
    HAL_ADC_Init                             0x08001311   Thumb Code    84  stm32f4xx_hal_adc.o(i.HAL_ADC_Init)
    HAL_ADC_MspInit                          0x08001365   Thumb Code    30  adc.o(i.HAL_ADC_MspInit)
    HAL_CAN_ActivateNotification             0x0800138d   Thumb Code    36  stm32f4xx_hal_can.o(i.HAL_CAN_ActivateNotification)
    HAL_CAN_AddTxMessage                     0x080013b1   Thumb Code   200  stm32f4xx_hal_can.o(i.HAL_CAN_AddTxMessage)
    HAL_CAN_ConfigFilter                     0x08001479   Thumb Code   262  stm32f4xx_hal_can.o(i.HAL_CAN_ConfigFilter)
    HAL_CAN_ErrorCallback                    0x08001585   Thumb Code     2  stm32f4xx_hal_can.o(i.HAL_CAN_ErrorCallback)
    HAL_CAN_GetRxMessage                     0x08001587   Thumb Code   232  stm32f4xx_hal_can.o(i.HAL_CAN_GetRxMessage)
    HAL_CAN_IRQHandler                       0x0800166f   Thumb Code   508  stm32f4xx_hal_can.o(i.HAL_CAN_IRQHandler)
    HAL_CAN_Init                             0x0800186b   Thumb Code   282  stm32f4xx_hal_can.o(i.HAL_CAN_Init)
    HAL_CAN_MspInit                          0x08001985   Thumb Code   106  can.o(i.HAL_CAN_MspInit)
    HAL_CAN_RxFifo0FullCallback              0x080019fd   Thumb Code     2  stm32f4xx_hal_can.o(i.HAL_CAN_RxFifo0FullCallback)
    HAL_CAN_RxFifo0MsgPendingCallback        0x08001a01   Thumb Code    82  can.o(i.HAL_CAN_RxFifo0MsgPendingCallback)
    HAL_CAN_RxFifo1FullCallback              0x08001a5d   Thumb Code     2  stm32f4xx_hal_can.o(i.HAL_CAN_RxFifo1FullCallback)
    HAL_CAN_RxFifo1MsgPendingCallback        0x08001a5f   Thumb Code     2  stm32f4xx_hal_can.o(i.HAL_CAN_RxFifo1MsgPendingCallback)
    HAL_CAN_SleepCallback                    0x08001a61   Thumb Code     2  stm32f4xx_hal_can.o(i.HAL_CAN_SleepCallback)
    HAL_CAN_Start                            0x08001a65   Thumb Code    88  stm32f4xx_hal_can.o(i.HAL_CAN_Start)
    HAL_CAN_TxMailbox0AbortCallback          0x08001abd   Thumb Code     2  stm32f4xx_hal_can.o(i.HAL_CAN_TxMailbox0AbortCallback)
    HAL_CAN_TxMailbox0CompleteCallback       0x08001abf   Thumb Code     2  stm32f4xx_hal_can.o(i.HAL_CAN_TxMailbox0CompleteCallback)
    HAL_CAN_TxMailbox1AbortCallback          0x08001ac1   Thumb Code     2  stm32f4xx_hal_can.o(i.HAL_CAN_TxMailbox1AbortCallback)
    HAL_CAN_TxMailbox1CompleteCallback       0x08001ac3   Thumb Code     2  stm32f4xx_hal_can.o(i.HAL_CAN_TxMailbox1CompleteCallback)
    HAL_CAN_TxMailbox2AbortCallback          0x08001ac5   Thumb Code     2  stm32f4xx_hal_can.o(i.HAL_CAN_TxMailbox2AbortCallback)
    HAL_CAN_TxMailbox2CompleteCallback       0x08001ac7   Thumb Code     2  stm32f4xx_hal_can.o(i.HAL_CAN_TxMailbox2CompleteCallback)
    HAL_CAN_WakeUpFromRxMsgCallback          0x08001ac9   Thumb Code     2  stm32f4xx_hal_can.o(i.HAL_CAN_WakeUpFromRxMsgCallback)
    HAL_DMA_Abort_IT                         0x08001acb   Thumb Code    36  stm32f4xx_hal_dma.o(i.HAL_DMA_Abort_IT)
    HAL_DMA_IRQHandler                       0x08001af1   Thumb Code   412  stm32f4xx_hal_dma.o(i.HAL_DMA_IRQHandler)
    HAL_DMA_Init                             0x08001c91   Thumb Code   206  stm32f4xx_hal_dma.o(i.HAL_DMA_Init)
    HAL_DMA_Start                            0x08001d65   Thumb Code    70  stm32f4xx_hal_dma.o(i.HAL_DMA_Start)
    HAL_Delay                                0x08001dad   Thumb Code    32  stm32f4xx_hal.o(i.HAL_Delay)
    HAL_GPIO_Init                            0x08001dd1   Thumb Code   414  stm32f4xx_hal_gpio.o(i.HAL_GPIO_Init)
    HAL_GPIO_WritePin                        0x08001fa5   Thumb Code    10  stm32f4xx_hal_gpio.o(i.HAL_GPIO_WritePin)
    HAL_GetTick                              0x08001fb1   Thumb Code     6  stm32f4xx_hal.o(i.HAL_GetTick)
    HAL_IncTick                              0x08001fbd   Thumb Code    12  stm32f4xx_hal.o(i.HAL_IncTick)
    HAL_Init                                 0x08001fcd   Thumb Code    48  stm32f4xx_hal.o(i.HAL_Init)
    HAL_InitTick                             0x08002001   Thumb Code   100  stm32f4xx_hal_timebase_tim.o(i.HAL_InitTick)
    HAL_MspInit                              0x08002075   Thumb Code    42  stm32f4xx_hal_msp.o(i.HAL_MspInit)
    HAL_NVIC_EnableIRQ                       0x080020a5   Thumb Code    26  stm32f4xx_hal_cortex.o(i.HAL_NVIC_EnableIRQ)
    HAL_NVIC_SetPriority                     0x080020c1   Thumb Code    60  stm32f4xx_hal_cortex.o(i.HAL_NVIC_SetPriority)
    HAL_NVIC_SetPriorityGrouping             0x08002101   Thumb Code    26  stm32f4xx_hal_cortex.o(i.HAL_NVIC_SetPriorityGrouping)
    HAL_RCC_ClockConfig                      0x08002125   Thumb Code   288  stm32f4xx_hal_rcc.o(i.HAL_RCC_ClockConfig)
    HAL_RCC_GetClockConfig                   0x08002259   Thumb Code    54  stm32f4xx_hal_rcc.o(i.HAL_RCC_GetClockConfig)
    HAL_RCC_GetPCLK1Freq                     0x08002299   Thumb Code    20  stm32f4xx_hal_rcc.o(i.HAL_RCC_GetPCLK1Freq)
    HAL_RCC_GetPCLK2Freq                     0x080022b9   Thumb Code    20  stm32f4xx_hal_rcc.o(i.HAL_RCC_GetPCLK2Freq)
    HAL_RCC_GetSysClockFreq                  0x080022d9   Thumb Code    88  stm32f4xx_hal_rcc.o(i.HAL_RCC_GetSysClockFreq)
    HAL_RCC_OscConfig                        0x0800233d   Thumb Code   840  stm32f4xx_hal_rcc.o(i.HAL_RCC_OscConfig)
    HAL_SPI_Init                             0x08002699   Thumb Code   128  stm32f4xx_hal_spi.o(i.HAL_SPI_Init)
    HAL_SPI_MspInit                          0x08002719   Thumb Code    94  spi.o(i.HAL_SPI_MspInit)
    HAL_SPI_TransmitReceive                  0x08002785   Thumb Code   482  stm32f4xx_hal_spi.o(i.HAL_SPI_TransmitReceive)
    HAL_TIMEx_BreakCallback                  0x08002967   Thumb Code     2  stm32f4xx_hal_tim_ex.o(i.HAL_TIMEx_BreakCallback)
    HAL_TIMEx_CommutCallback                 0x08002969   Thumb Code     2  stm32f4xx_hal_tim_ex.o(i.HAL_TIMEx_CommutCallback)
    HAL_TIMEx_MasterConfigSynchronization    0x0800296d   Thumb Code   116  stm32f4xx_hal_tim_ex.o(i.HAL_TIMEx_MasterConfigSynchronization)
    HAL_TIM_Base_Init                        0x080029fd   Thumb Code    54  stm32f4xx_hal_tim.o(i.HAL_TIM_Base_Init)
    HAL_TIM_Base_MspInit                     0x08002a35   Thumb Code    72  tim.o(i.HAL_TIM_Base_MspInit)
    HAL_TIM_Base_Start_IT                    0x08002a85   Thumb Code    34  stm32f4xx_hal_tim.o(i.HAL_TIM_Base_Start_IT)
    HAL_TIM_ConfigClockSource                0x08002aa7   Thumb Code   214  stm32f4xx_hal_tim.o(i.HAL_TIM_ConfigClockSource)
    HAL_TIM_IC_CaptureCallback               0x08002b7d   Thumb Code     2  stm32f4xx_hal_tim.o(i.HAL_TIM_IC_CaptureCallback)
    HAL_TIM_IRQHandler                       0x08002b7f   Thumb Code   358  stm32f4xx_hal_tim.o(i.HAL_TIM_IRQHandler)
    HAL_TIM_MspPostInit                      0x08002ce5   Thumb Code    68  tim.o(i.HAL_TIM_MspPostInit)
    HAL_TIM_OC_DelayElapsedCallback          0x08002d35   Thumb Code     2  stm32f4xx_hal_tim.o(i.HAL_TIM_OC_DelayElapsedCallback)
    HAL_TIM_PWM_ConfigChannel                0x08002d37   Thumb Code   208  stm32f4xx_hal_tim.o(i.HAL_TIM_PWM_ConfigChannel)
    HAL_TIM_PWM_Init                         0x08002e07   Thumb Code    54  stm32f4xx_hal_tim.o(i.HAL_TIM_PWM_Init)
    HAL_TIM_PWM_MspInit                      0x08002e3d   Thumb Code     2  stm32f4xx_hal_tim.o(i.HAL_TIM_PWM_MspInit)
    HAL_TIM_PWM_PulseFinishedCallback        0x08002e3f   Thumb Code     2  stm32f4xx_hal_tim.o(i.HAL_TIM_PWM_PulseFinishedCallback)
    HAL_TIM_PeriodElapsedCallback            0x08002e41   Thumb Code    14  main.o(i.HAL_TIM_PeriodElapsedCallback)
    HAL_TIM_TriggerCallback                  0x08002e55   Thumb Code     2  stm32f4xx_hal_tim.o(i.HAL_TIM_TriggerCallback)
    HAL_UART_ErrorCallback                   0x08002e57   Thumb Code     2  stm32f4xx_hal_uart.o(i.HAL_UART_ErrorCallback)
    HAL_UART_IRQHandler                      0x08002e59   Thumb Code   270  stm32f4xx_hal_uart.o(i.HAL_UART_IRQHandler)
    HAL_UART_Init                            0x08002f6d   Thumb Code    98  stm32f4xx_hal_uart.o(i.HAL_UART_Init)
    HAL_UART_MspInit                         0x08002fd1   Thumb Code   232  usart.o(i.HAL_UART_MspInit)
    HAL_UART_RxCpltCallback                  0x080030d5   Thumb Code     2  stm32f4xx_hal_uart.o(i.HAL_UART_RxCpltCallback)
    HAL_UART_TxCpltCallback                  0x080030d7   Thumb Code     2  stm32f4xx_hal_uart.o(i.HAL_UART_TxCpltCallback)
    Handle_Angle8191_PID_Over_Zero           0x080030d9   Thumb Code    36  motor.o(i.Handle_Angle8191_PID_Over_Zero)
    HardFault_Handler                        0x080030fd   Thumb Code     2  stm32f4xx_it.o(i.HardFault_Handler)
    IMU_Cali_Slove                           0x08003101   Thumb Code   212  dji_imu.o(i.IMU_Cali_Slove)
    IMU_GetData_Compensate                   0x080031dd   Thumb Code    28  imu_compensate.o(i.IMU_GetData_Compensate)
    IMU_data_read_over                       0x080031fd   Thumb Code   342  dji_imu.o(i.IMU_data_read_over)
    IncrementalPID_paraReset                 0x080033ed   Thumb Code    42  pid.o(i.IncrementalPID_paraReset)
    Incremental_PID                          0x0800341d   Thumb Code   144  pid.o(i.Incremental_PID)
    MX_ADC1_Init                             0x080034ad   Thumb Code    88  adc.o(i.MX_ADC1_Init)
    MX_CAN1_Init                             0x08003515   Thumb Code    60  can.o(i.MX_CAN1_Init)
    MX_DMA_Init                              0x08003559   Thumb Code    40  dma.o(i.MX_DMA_Init)
    MX_FREERTOS_Init                         0x08003585   Thumb Code    52  freertos.o(i.MX_FREERTOS_Init)
    MX_GPIO_Init                             0x080035c1   Thumb Code   148  gpio.o(i.MX_GPIO_Init)
    MX_SPI5_Init                             0x0800365d   Thumb Code    62  spi.o(i.MX_SPI5_Init)
    MX_TIM2_Init                             0x080036a5   Thumb Code    98  tim.o(i.MX_TIM2_Init)
    MX_TIM3_Init                             0x0800370d   Thumb Code   142  tim.o(i.MX_TIM3_Init)
    MX_USART1_UART_Init                      0x080037a5   Thumb Code    46  usart.o(i.MX_USART1_UART_Init)
    MX_USART6_UART_Init                      0x080037e1   Thumb Code    48  usart.o(i.MX_USART6_UART_Init)
    MemManage_Handler                        0x08003819   Thumb Code     2  stm32f4xx_it.o(i.MemManage_Handler)
    Motor_2_SendData                         0x0800381d   Thumb Code    80  can.o(i.Motor_2_SendData)
    Motor_SendData                           0x08003871   Thumb Code    78  can.o(i.Motor_SendData)
    NMI_Handler                              0x080038c5   Thumb Code     2  stm32f4xx_it.o(i.NMI_Handler)
    PositionPID_paraReset                    0x080038c9   Thumb Code    36  pid.o(i.PositionPID_paraReset)
    Position_PID                             0x080038f1   Thumb Code   134  pid.o(i.Position_PID)
    Preserve_temp                            0x0800397d   Thumb Code    24  imu_compensate.o(i.Preserve_temp)
    StartDefaultTask                         0x08003a85   Thumb Code    70  freertos.o(i.StartDefaultTask)
    StartTask02                              0x08003ad1   Thumb Code    18  freertos.o(i.StartTask02)
    SysTick_Handler                          0x08003ae9   Thumb Code    38  port.o(i.SysTick_Handler)
    SystemClock_Config                       0x08003b15   Thumb Code   124  main.o(i.SystemClock_Config)
    SystemInit                               0x08003b99   Thumb Code    22  system_stm32f4xx.o(i.SystemInit)
    TIM2_IRQHandler                          0x08003bb5   Thumb Code     6  stm32f4xx_it.o(i.TIM2_IRQHandler)
    TIM6_DAC_IRQHandler                      0x08003bc1   Thumb Code     6  stm32f4xx_it.o(i.TIM6_DAC_IRQHandler)
    TIM_Base_SetConfig                       0x08003bcd   Thumb Code   156  stm32f4xx_hal_tim.o(i.TIM_Base_SetConfig)
    TIM_ETR_SetConfig                        0x08003c95   Thumb Code    20  stm32f4xx_hal_tim.o(i.TIM_ETR_SetConfig)
    TIM_OC2_SetConfig                        0x08003d19   Thumb Code    98  stm32f4xx_hal_tim.o(i.TIM_OC2_SetConfig)
    USART1_IRQHandler                        0x080040d1   Thumb Code    18  stm32f4xx_it.o(i.USART1_IRQHandler)
    USART6_IRQHandler                        0x080040e9   Thumb Code     6  stm32f4xx_it.o(i.USART6_IRQHandler)
    UsageFault_Handler                       0x080043a5   Thumb Code     2  stm32f4xx_it.o(i.UsageFault_Handler)
    __ARM_fpclassifyf                        0x080043a7   Thumb Code    38  fpclassifyf.o(i.__ARM_fpclassifyf)
    __hardfp_asinf                           0x080043ed   Thumb Code   258  asinf.o(i.__hardfp_asinf)
    __hardfp_atan2f                          0x08004519   Thumb Code   502  atan2f.o(i.__hardfp_atan2f)
    __mathlib_flt_infnan                     0x08004769   Thumb Code     6  funder.o(i.__mathlib_flt_infnan)
    __mathlib_flt_infnan2                    0x0800476f   Thumb Code     6  funder.o(i.__mathlib_flt_infnan2)
    __mathlib_flt_invalid                    0x08004775   Thumb Code    10  funder.o(i.__mathlib_flt_invalid)
    __mathlib_flt_underflow                  0x08004785   Thumb Code    10  funder.o(i.__mathlib_flt_underflow)
    __scatterload_copy                       0x08004795   Thumb Code    14  handlers.o(i.__scatterload_copy)
    __scatterload_null                       0x080047a3   Thumb Code     2  handlers.o(i.__scatterload_null)
    __scatterload_zeroinit                   0x080047a5   Thumb Code    14  handlers.o(i.__scatterload_zeroinit)
    __set_errno                              0x080047b5   Thumb Code     6  errno.o(i.__set_errno)
    abs_limit                                0x080047c1   Thumb Code    42  pid.o(i.abs_limit)
    angle_imu                                0x08004b49   Thumb Code    62  motor.o(i.angle_imu)
    change_imu_to_angele                     0x08004d01   Thumb Code    24  motor.o(i.change_imu_to_angele)
    dbus_uart_init                           0x08004d21   Thumb Code    64  remoter.o(i.dbus_uart_init)
    follow_motor                             0x08004d69   Thumb Code   218  motor.o(i.follow_motor)
    follow_motor_under                       0x08004e61   Thumb Code   210  motor.o(i.follow_motor_under)
    get_angle                                0x08004f45   Thumb Code   232  ahrs.o(i.get_angle)
    godie                                    0x0800502d   Thumb Code    30  remoter.o(i.godie)
    main                                     0x080051c5   Thumb Code    78  main.o(i.main)
    moter_TIM2_IRQHandler                    0x08005229   Thumb Code   132  motor.o(i.moter_TIM2_IRQHandler)
    mpu_get_data                             0x08005321   Thumb Code   104  dji_imu.o(i.mpu_get_data)
    osDelay                                  0x080055c9   Thumb Code    14  cmsis_os.o(i.osDelay)
    osKernelStart                            0x080055d7   Thumb Code    10  cmsis_os.o(i.osKernelStart)
    osThreadCreate                           0x080055e1   Thumb Code    84  cmsis_os.o(i.osThreadCreate)
    pvPortMalloc                             0x08005981   Thumb Code   210  heap_4.o(i.pvPortMalloc)
    pxPortInitialiseStack                    0x08005a59   Thumb Code    40  port.o(i.pxPortInitialiseStack)
    rc_callback_handler                      0x08005b09   Thumb Code   160  remoter.o(i.rc_callback_handler)
    rc_dead                                  0x08005ba9   Thumb Code    20  motor.o(i.rc_dead)
    read_start_imu                           0x08005bbd   Thumb Code    66  motor.o(i.read_start_imu)
    sqrtf                                    0x08005c11   Thumb Code    62  sqrtf.o(i.sqrtf)
    uart_receive_handler                     0x08005c51   Thumb Code    86  remoter.o(i.uart_receive_handler)
    uxListRemove                             0x08005d2b   Thumb Code    38  list.o(i.uxListRemove)
    vApplicationGetIdleTaskMemory            0x08005d51   Thumb Code    16  freertos.o(i.vApplicationGetIdleTaskMemory)
    vListInitialise                          0x08005d65   Thumb Code    22  list.o(i.vListInitialise)
    vListInitialiseItem                      0x08005d7b   Thumb Code     6  list.o(i.vListInitialiseItem)
    vListInsert                              0x08005d81   Thumb Code    48  list.o(i.vListInsert)
    vListInsertEnd                           0x08005db1   Thumb Code    24  list.o(i.vListInsertEnd)
    vPortEnterCritical                       0x08005dc9   Thumb Code    54  port.o(i.vPortEnterCritical)
    vPortExitCritical                        0x08005e09   Thumb Code    34  port.o(i.vPortExitCritical)
    vPortFree                                0x08005e31   Thumb Code    88  heap_4.o(i.vPortFree)
    vPortSetupTimerInterrupt                 0x08005e8d   Thumb Code    32  port.o(i.vPortSetupTimerInterrupt)
    vTaskDelay                               0x08005eb1   Thumb Code    66  tasks.o(i.vTaskDelay)
    vTaskStartScheduler                      0x08005efd   Thumb Code    90  tasks.o(i.vTaskStartScheduler)
    vTaskSuspendAll                          0x08005f69   Thumb Code    10  tasks.o(i.vTaskSuspendAll)
    vTaskSwitchContext                       0x08005f79   Thumb Code    82  tasks.o(i.vTaskSwitchContext)
    xPortStartScheduler                      0x08005fd5   Thumb Code   222  port.o(i.xPortStartScheduler)
    xTaskCreate                              0x080060c9   Thumb Code    90  tasks.o(i.xTaskCreate)
    xTaskCreateStatic                        0x08006123   Thumb Code    86  tasks.o(i.xTaskCreateStatic)
    xTaskIncrementTick                       0x08006179   Thumb Code   192  tasks.o(i.xTaskIncrementTick)
    xTaskResumeAll                           0x08006241   Thumb Code   182  tasks.o(i.xTaskResumeAll)
    AHBPrescTable                            0x08006344   Data          16  system_stm32f4xx.o(.constdata)
    APBPrescTable                            0x08006354   Data           8  system_stm32f4xx.o(.constdata)
    sinTable_f32                             0x0800639c   Data        2052  arm_common_tables.o(.rodata.sinTable_f32)
    Region$$Table$$Base                      0x08006ba0   Number         0  anon$$obj.o(Region$$Table)
    Region$$Table$$Limit                     0x08006bc0   Number         0  anon$$obj.o(Region$$Table)
    defaultTaskHandle                        0x20000000   Data           4  freertos.o(.data)
    myTask02Handle                           0x20000004   Data           4  freertos.o(.data)
    uwTickFreq                               0x2000000c   Data           1  stm32f4xx_hal.o(.data)
    uwTickPrio                               0x20000010   Data           4  stm32f4xx_hal.o(.data)
    uwTick                                   0x20000014   Data           4  stm32f4xx_hal.o(.data)
    SystemCoreClock                          0x20000018   Data           4  system_stm32f4xx.o(.data)
    pxCurrentTCB                             0x2000001c   Data           4  tasks.o(.data)
    M3508_P_follow_targetAngle               0x2000007c   Data           2  motor.o(.data)
    M3508_P_follow_realAngle                 0x2000007e   Data           2  motor.o(.data)
    rc_dead_0                                0x20000080   Data           2  motor.o(.data)
    rc_dead_2                                0x20000082   Data           2  motor.o(.data)
    rc_dead_3                                0x20000084   Data           2  motor.o(.data)
    imu_tim                                  0x20000088   Data           4  motor.o(.data)
    a_start                                  0x2000008c   Data           4  motor.o(.data)
    tar_tar                                  0x20000090   Data           4  motor.o(.data)
    target                                   0x20000094   Data           4  motor.o(.data)
    start_imu                                0x20000098   Data           4  motor.o(.data)
    M6020_t_follow_yaw_imu_angle_lastAngle   0x2000009c   Data           4  motor.o(.data)
    Test_I                                   0x200000a0   Data           4  pid.o(.data)
    Calibrate_Temperate                      0x200000a4   Data           1  imu_compensate.o(.data)
    first_temperate                          0x200000a5   Data           1  imu_compensate.o(.data)
    imuTempPid                               0x200000ac   Data          64  imu_compensate.o(.data)
    IMU_CompensateFUN                        0x200000ec   Data           8  imu_compensate.o(.data)
    DJI_IMUFUN                               0x200000f4   Data          16  dji_imu.o(.data)
    id                                       0x20000107   Data           1  dji_imu.o(.data)
    ist_buff                                 0x20000108   Data           6  dji_imu.o(.data)
    hadc1                                    0x200003f4   Data          72  adc.o(.bss)
    hcan1                                    0x2000043c   Data          40  can.o(.bss)
    motor_chassis                            0x2000047c   Data          80  can.o(.bss)
    hspi5                                    0x200004cc   Data          88  spi.o(.bss)
    htim2                                    0x20000524   Data          64  tim.o(.bss)
    htim3                                    0x20000564   Data          64  tim.o(.bss)
    huart1                                   0x200005a4   Data          64  usart.o(.bss)
    huart6                                   0x200005e4   Data          64  usart.o(.bss)
    hdma_usart1_rx                           0x20000624   Data          96  usart.o(.bss)
    htim6                                    0x20000684   Data          64  stm32f4xx_hal_timebase_tim.o(.bss)
    Target_velocity                          0x200043b4   Data          16  motor.o(.bss)
    M6020_t_follow                           0x200043c4   Data          84  motor.o(.bss)
    M6020_i_follow                           0x20004418   Data          68  motor.o(.bss)
    roll_inc                                 0x2000445c   Data          68  motor.o(.bss)
    roll_pos                                 0x200044a0   Data          84  motor.o(.bss)
    M3508s                                   0x200044f4   Data         272  motor.o(.bss)
    M3508_P_follow                           0x20004604   Data          84  motor.o(.bss)
    M3508_I_follow                           0x20004658   Data         272  motor.o(.bss)
    dbus_buf                                 0x20004768   Data          18  remoter.o(.bss)
    rc                                       0x2000477a   Data          12  remoter.o(.bss)
    mpu6500_Exportdata                       0x20004840   Data          60  imu_compensate.o(.bss)
    mpu_buff                                 0x20004894   Data          15  dji_imu.o(.bss)
    mpu_data                                 0x200048a4   Data          32  dji_imu.o(.bss)
    __initial_sp                             0x20004cc8   Data           0  startup_stm32f427xx.o(STACK)



==============================================================================

Memory Map of the image

  Image Entry point : 0x080001ad

  Load Region LR_IROM1 (Base: 0x08000000, Size: 0x00006d60, Max: 0x00200000, ABSOLUTE, COMPRESSED[0x00006c18])

    Execution Region ER_IROM1 (Exec base: 0x08000000, Load base: 0x08000000, Size: 0x00006bc0, Max: 0x00200000, ABSOLUTE)

    Exec Addr    Load Addr    Size         Type   Attr      Idx    E Section Name        Object

    0x08000000   0x08000000   0x000001ac   Data   RO            3    RESET               startup_stm32f427xx.o
    0x080001ac   0x080001ac   0x00000000   Code   RO         6201  * .ARM.Collect$$$$00000000  mc_w.l(entry.o)
    0x080001ac   0x080001ac   0x00000004   Code   RO         6257    .ARM.Collect$$$$00000001  mc_w.l(entry2.o)
    0x080001b0   0x080001b0   0x00000004   Code   RO         6260    .ARM.Collect$$$$00000004  mc_w.l(entry5.o)
    0x080001b4   0x080001b4   0x00000000   Code   RO         6262    .ARM.Collect$$$$00000008  mc_w.l(entry7b.o)
    0x080001b4   0x080001b4   0x00000000   Code   RO         6264    .ARM.Collect$$$$0000000A  mc_w.l(entry8b.o)
    0x080001b4   0x080001b4   0x00000008   Code   RO         6265    .ARM.Collect$$$$0000000B  mc_w.l(entry9a.o)
    0x080001bc   0x080001bc   0x00000000   Code   RO         6267    .ARM.Collect$$$$0000000D  mc_w.l(entry10a.o)
    0x080001bc   0x080001bc   0x00000000   Code   RO         6269    .ARM.Collect$$$$0000000F  mc_w.l(entry11a.o)
    0x080001bc   0x080001bc   0x00000004   Code   RO         6258    .ARM.Collect$$$$00002712  mc_w.l(entry2.o)
    0x080001c0   0x080001c0   0x000000be   Code   RO         5356    .emb_text           port.o
    0x0800027e   0x0800027e   0x00000002   PAD
    0x08000280   0x08000280   0x00000024   Code   RO            4    .text               startup_stm32f427xx.o
    0x080002a4   0x080002a4   0x00000062   Code   RO         6204    .text               mc_w.l(uldiv.o)
    0x08000306   0x08000306   0x00000024   Code   RO         6206    .text               mc_w.l(memcpya.o)
    0x0800032a   0x0800032a   0x00000024   Code   RO         6210    .text               mc_w.l(memseta.o)
    0x0800034e   0x0800034e   0x0000014e   Code   RO         6214    .text               mf_w.l(dadd.o)
    0x0800049c   0x0800049c   0x000000e4   Code   RO         6216    .text               mf_w.l(dmul.o)
    0x08000580   0x08000580   0x00000022   Code   RO         6218    .text               mf_w.l(dflti.o)
    0x080005a2   0x080005a2   0x0000003e   Code   RO         6220    .text               mf_w.l(dfixi.o)
    0x080005e0   0x080005e0   0x00000038   Code   RO         6224    .text               mf_w.l(d2f.o)
    0x08000618   0x08000618   0x0000001e   Code   RO         6271    .text               mc_w.l(llshl.o)
    0x08000636   0x08000636   0x00000020   Code   RO         6273    .text               mc_w.l(llushr.o)
    0x08000656   0x08000656   0x00000024   Code   RO         6275    .text               mc_w.l(llsshr.o)
    0x0800067a   0x0800067a   0x00000000   Code   RO         6284    .text               mc_w.l(iusefp.o)
    0x0800067a   0x0800067a   0x0000006e   Code   RO         6285    .text               mf_w.l(fepilogue.o)
    0x080006e8   0x080006e8   0x000000ba   Code   RO         6287    .text               mf_w.l(depilogue.o)
    0x080007a2   0x080007a2   0x00000002   PAD
    0x080007a4   0x080007a4   0x00000024   Code   RO         6289    .text               mc_w.l(init.o)
    0x080007c8   0x080007c8   0x00000056   Code   RO         6299    .text               mc_w.l(__dczerorl2.o)
    0x0800081e   0x0800081e   0x00000002   PAD
    0x08000820   0x08000820   0x000000a0   Code   RO         6069    .text.arm_cos_f32   arm_cortexM4lf_math.lib(arm_cos_f32.o)
    0x080008c0   0x080008c0   0x00000098   Code   RO         6079    .text.arm_sin_f32   arm_cortexM4lf_math.lib(arm_sin_f32.o)
    0x08000958   0x08000958   0x00000128   Code   RO          823    i.ADC_Init          stm32f4xx_hal_adc.o
    0x08000a80   0x08000a80   0x00000004   Code   RO         5689    i.AHRS_asinf        ahrs_middleware.o
    0x08000a84   0x08000a84   0x00000004   Code   RO         5690    i.AHRS_atan2f       ahrs_middleware.o
    0x08000a88   0x08000a88   0x00000004   Code   RO         5691    i.AHRS_cosf         ahrs_middleware.o
    0x08000a8c   0x08000a8c   0x0000001a   Code   RO         5981    i.AHRS_fabs         AHRS.lib(ahrs.o)
    0x08000aa6   0x08000aa6   0x00000002   PAD
    0x08000aa8   0x08000aa8   0x00000014   Code   RO         5692    i.AHRS_get_height   ahrs_middleware.o
    0x08000abc   0x08000abc   0x00000014   Code   RO         5693    i.AHRS_get_latitude  ahrs_middleware.o
    0x08000ad0   0x08000ad0   0x0000029c   Code   RO         5982    i.AHRS_init         AHRS.lib(ahrs.o)
    0x08000d6c   0x08000d6c   0x0000002c   Code   RO         5694    i.AHRS_invSqrt      ahrs_middleware.o
    0x08000d98   0x08000d98   0x00000004   Code   RO         5695    i.AHRS_sinf         ahrs_middleware.o
    0x08000d9c   0x08000d9c   0x0000013a   Code   RO         5983    i.AHRS_update       AHRS.lib(ahrs.o)
    0x08000ed6   0x08000ed6   0x00000002   Code   RO          653    i.BusFault_Handler  stm32f4xx_it.o
    0x08000ed8   0x08000ed8   0x0000000c   Code   RO          654    i.CAN1_RX0_IRQHandler  stm32f4xx_it.o
    0x08000ee4   0x08000ee4   0x0000003c   Code   RO          392    i.CAN_1_Filter_Config  can.o
    0x08000f20   0x08000f20   0x00000038   Code   RO         5436    i.CAN_Control       motor.o
    0x08000f58   0x08000f58   0x00000082   Code   RO         5601    i.CLOUD_Position_PID  pid.o
    0x08000fda   0x08000fda   0x00000002   PAD
    0x08000fdc   0x08000fdc   0x00000118   Code   RO         5437    i.Chassis_Init      motor.o
    0x080010f4   0x080010f4   0x00000004   Code   RO         5842    i.DJI_IMU_Init      dji_imu.o
    0x080010f8   0x080010f8   0x0000000c   Code   RO          655    i.DMA2_Stream2_IRQHandler  stm32f4xx_it.o
    0x08001104   0x08001104   0x00000028   Code   RO         1606    i.DMA_CalcBaseAndBitshift  stm32f4xx_hal_dma.o
    0x0800112c   0x0800112c   0x00000054   Code   RO         1607    i.DMA_CheckFifoParam  stm32f4xx_hal_dma.o
    0x08001180   0x08001180   0x00000028   Code   RO         1608    i.DMA_SetConfig     stm32f4xx_hal_dma.o
    0x080011a8   0x080011a8   0x00000002   Code   RO          656    i.DebugMon_Handler  stm32f4xx_it.o
    0x080011aa   0x080011aa   0x00000002   Code   RO           13    i.Error_Handler     main.o
    0x080011ac   0x080011ac   0x00000164   Code   RO          825    i.HAL_ADC_ConfigChannel  stm32f4xx_hal_adc.o
    0x08001310   0x08001310   0x00000054   Code   RO          834    i.HAL_ADC_Init      stm32f4xx_hal_adc.o
    0x08001364   0x08001364   0x00000028   Code   RO          351    i.HAL_ADC_MspInit   adc.o
    0x0800138c   0x0800138c   0x00000024   Code   RO         2310    i.HAL_CAN_ActivateNotification  stm32f4xx_hal_can.o
    0x080013b0   0x080013b0   0x000000c8   Code   RO         2311    i.HAL_CAN_AddTxMessage  stm32f4xx_hal_can.o
    0x08001478   0x08001478   0x0000010c   Code   RO         2312    i.HAL_CAN_ConfigFilter  stm32f4xx_hal_can.o
    0x08001584   0x08001584   0x00000002   Code   RO         2315    i.HAL_CAN_ErrorCallback  stm32f4xx_hal_can.o
    0x08001586   0x08001586   0x000000e8   Code   RO         2318    i.HAL_CAN_GetRxMessage  stm32f4xx_hal_can.o
    0x0800166e   0x0800166e   0x000001fc   Code   RO         2322    i.HAL_CAN_IRQHandler  stm32f4xx_hal_can.o
    0x0800186a   0x0800186a   0x0000011a   Code   RO         2323    i.HAL_CAN_Init      stm32f4xx_hal_can.o
    0x08001984   0x08001984   0x00000078   Code   RO          394    i.HAL_CAN_MspInit   can.o
    0x080019fc   0x080019fc   0x00000002   Code   RO         2330    i.HAL_CAN_RxFifo0FullCallback  stm32f4xx_hal_can.o
    0x080019fe   0x080019fe   0x00000002   PAD
    0x08001a00   0x08001a00   0x0000005c   Code   RO          395    i.HAL_CAN_RxFifo0MsgPendingCallback  can.o
    0x08001a5c   0x08001a5c   0x00000002   Code   RO         2332    i.HAL_CAN_RxFifo1FullCallback  stm32f4xx_hal_can.o
    0x08001a5e   0x08001a5e   0x00000002   Code   RO         2333    i.HAL_CAN_RxFifo1MsgPendingCallback  stm32f4xx_hal_can.o
    0x08001a60   0x08001a60   0x00000002   Code   RO         2334    i.HAL_CAN_SleepCallback  stm32f4xx_hal_can.o
    0x08001a62   0x08001a62   0x00000002   PAD
    0x08001a64   0x08001a64   0x00000058   Code   RO         2335    i.HAL_CAN_Start     stm32f4xx_hal_can.o
    0x08001abc   0x08001abc   0x00000002   Code   RO         2337    i.HAL_CAN_TxMailbox0AbortCallback  stm32f4xx_hal_can.o
    0x08001abe   0x08001abe   0x00000002   Code   RO         2338    i.HAL_CAN_TxMailbox0CompleteCallback  stm32f4xx_hal_can.o
    0x08001ac0   0x08001ac0   0x00000002   Code   RO         2339    i.HAL_CAN_TxMailbox1AbortCallback  stm32f4xx_hal_can.o
    0x08001ac2   0x08001ac2   0x00000002   Code   RO         2340    i.HAL_CAN_TxMailbox1CompleteCallback  stm32f4xx_hal_can.o
    0x08001ac4   0x08001ac4   0x00000002   Code   RO         2341    i.HAL_CAN_TxMailbox2AbortCallback  stm32f4xx_hal_can.o
    0x08001ac6   0x08001ac6   0x00000002   Code   RO         2342    i.HAL_CAN_TxMailbox2CompleteCallback  stm32f4xx_hal_can.o
    0x08001ac8   0x08001ac8   0x00000002   Code   RO         2344    i.HAL_CAN_WakeUpFromRxMsgCallback  stm32f4xx_hal_can.o
    0x08001aca   0x08001aca   0x00000024   Code   RO         1610    i.HAL_DMA_Abort_IT  stm32f4xx_hal_dma.o
    0x08001aee   0x08001aee   0x00000002   PAD
    0x08001af0   0x08001af0   0x000001a0   Code   RO         1614    i.HAL_DMA_IRQHandler  stm32f4xx_hal_dma.o
    0x08001c90   0x08001c90   0x000000d4   Code   RO         1615    i.HAL_DMA_Init      stm32f4xx_hal_dma.o
    0x08001d64   0x08001d64   0x00000046   Code   RO         1618    i.HAL_DMA_Start     stm32f4xx_hal_dma.o
    0x08001daa   0x08001daa   0x00000002   PAD
    0x08001dac   0x08001dac   0x00000024   Code   RO         2046    i.HAL_Delay         stm32f4xx_hal.o
    0x08001dd0   0x08001dd0   0x000001d4   Code   RO         1502    i.HAL_GPIO_Init     stm32f4xx_hal_gpio.o
    0x08001fa4   0x08001fa4   0x0000000a   Code   RO         1506    i.HAL_GPIO_WritePin  stm32f4xx_hal_gpio.o
    0x08001fae   0x08001fae   0x00000002   PAD
    0x08001fb0   0x08001fb0   0x0000000c   Code   RO         2054    i.HAL_GetTick       stm32f4xx_hal.o
    0x08001fbc   0x08001fbc   0x00000010   Code   RO         2060    i.HAL_IncTick       stm32f4xx_hal.o
    0x08001fcc   0x08001fcc   0x00000034   Code   RO         2061    i.HAL_Init          stm32f4xx_hal.o
    0x08002000   0x08002000   0x00000074   Code   RO          781    i.HAL_InitTick      stm32f4xx_hal_timebase_tim.o
    0x08002074   0x08002074   0x00000030   Code   RO          757    i.HAL_MspInit       stm32f4xx_hal_msp.o
    0x080020a4   0x080020a4   0x0000001a   Code   RO         1909    i.HAL_NVIC_EnableIRQ  stm32f4xx_hal_cortex.o
    0x080020be   0x080020be   0x00000002   PAD
    0x080020c0   0x080020c0   0x00000040   Code   RO         1915    i.HAL_NVIC_SetPriority  stm32f4xx_hal_cortex.o
    0x08002100   0x08002100   0x00000024   Code   RO         1916    i.HAL_NVIC_SetPriorityGrouping  stm32f4xx_hal_cortex.o
    0x08002124   0x08002124   0x00000134   Code   RO         1096    i.HAL_RCC_ClockConfig  stm32f4xx_hal_rcc.o
    0x08002258   0x08002258   0x00000040   Code   RO         1100    i.HAL_RCC_GetClockConfig  stm32f4xx_hal_rcc.o
    0x08002298   0x08002298   0x00000020   Code   RO         1103    i.HAL_RCC_GetPCLK1Freq  stm32f4xx_hal_rcc.o
    0x080022b8   0x080022b8   0x00000020   Code   RO         1104    i.HAL_RCC_GetPCLK2Freq  stm32f4xx_hal_rcc.o
    0x080022d8   0x080022d8   0x00000064   Code   RO         1105    i.HAL_RCC_GetSysClockFreq  stm32f4xx_hal_rcc.o
    0x0800233c   0x0800233c   0x0000035c   Code   RO         1108    i.HAL_RCC_OscConfig  stm32f4xx_hal_rcc.o
    0x08002698   0x08002698   0x00000080   Code   RO         2554    i.HAL_SPI_Init      stm32f4xx_hal_spi.o
    0x08002718   0x08002718   0x0000006c   Code   RO          510    i.HAL_SPI_MspInit   spi.o
    0x08002784   0x08002784   0x000001e2   Code   RO         2563    i.HAL_SPI_TransmitReceive  stm32f4xx_hal_spi.o
    0x08002966   0x08002966   0x00000002   Code   RO         3542    i.HAL_TIMEx_BreakCallback  stm32f4xx_hal_tim_ex.o
    0x08002968   0x08002968   0x00000002   Code   RO         3543    i.HAL_TIMEx_CommutCallback  stm32f4xx_hal_tim_ex.o
    0x0800296a   0x0800296a   0x00000002   PAD
    0x0800296c   0x0800296c   0x00000090   Code   RO         3560    i.HAL_TIMEx_MasterConfigSynchronization  stm32f4xx_hal_tim_ex.o
    0x080029fc   0x080029fc   0x00000036   Code   RO         2867    i.HAL_TIM_Base_Init  stm32f4xx_hal_tim.o
    0x08002a32   0x08002a32   0x00000002   PAD
    0x08002a34   0x08002a34   0x00000050   Code   RO          552    i.HAL_TIM_Base_MspInit  tim.o
    0x08002a84   0x08002a84   0x00000022   Code   RO         2872    i.HAL_TIM_Base_Start_IT  stm32f4xx_hal_tim.o
    0x08002aa6   0x08002aa6   0x000000d6   Code   RO         2876    i.HAL_TIM_ConfigClockSource  stm32f4xx_hal_tim.o
    0x08002b7c   0x08002b7c   0x00000002   Code   RO         2896    i.HAL_TIM_IC_CaptureCallback  stm32f4xx_hal_tim.o
    0x08002b7e   0x08002b7e   0x00000166   Code   RO         2910    i.HAL_TIM_IRQHandler  stm32f4xx_hal_tim.o
    0x08002ce4   0x08002ce4   0x00000050   Code   RO          553    i.HAL_TIM_MspPostInit  tim.o
    0x08002d34   0x08002d34   0x00000002   Code   RO         2913    i.HAL_TIM_OC_DelayElapsedCallback  stm32f4xx_hal_tim.o
    0x08002d36   0x08002d36   0x000000d0   Code   RO         2934    i.HAL_TIM_PWM_ConfigChannel  stm32f4xx_hal_tim.o
    0x08002e06   0x08002e06   0x00000036   Code   RO         2937    i.HAL_TIM_PWM_Init  stm32f4xx_hal_tim.o
    0x08002e3c   0x08002e3c   0x00000002   Code   RO         2939    i.HAL_TIM_PWM_MspInit  stm32f4xx_hal_tim.o
    0x08002e3e   0x08002e3e   0x00000002   Code   RO         2940    i.HAL_TIM_PWM_PulseFinishedCallback  stm32f4xx_hal_tim.o
    0x08002e40   0x08002e40   0x00000014   Code   RO           14    i.HAL_TIM_PeriodElapsedCallback  main.o
    0x08002e54   0x08002e54   0x00000002   Code   RO         2953    i.HAL_TIM_TriggerCallback  stm32f4xx_hal_tim.o
    0x08002e56   0x08002e56   0x00000002   Code   RO         3814    i.HAL_UART_ErrorCallback  stm32f4xx_hal_uart.o
    0x08002e58   0x08002e58   0x00000114   Code   RO         3817    i.HAL_UART_IRQHandler  stm32f4xx_hal_uart.o
    0x08002f6c   0x08002f6c   0x00000062   Code   RO         3818    i.HAL_UART_Init     stm32f4xx_hal_uart.o
    0x08002fce   0x08002fce   0x00000002   PAD
    0x08002fd0   0x08002fd0   0x00000104   Code   RO          606    i.HAL_UART_MspInit  usart.o
    0x080030d4   0x080030d4   0x00000002   Code   RO         3824    i.HAL_UART_RxCpltCallback  stm32f4xx_hal_uart.o
    0x080030d6   0x080030d6   0x00000002   Code   RO         3829    i.HAL_UART_TxCpltCallback  stm32f4xx_hal_uart.o
    0x080030d8   0x080030d8   0x00000024   Code   RO         5438    i.Handle_Angle8191_PID_Over_Zero  motor.o
    0x080030fc   0x080030fc   0x00000002   Code   RO          657    i.HardFault_Handler  stm32f4xx_it.o
    0x080030fe   0x080030fe   0x00000002   PAD
    0x08003100   0x08003100   0x000000dc   Code   RO         5843    i.IMU_Cali_Slove    dji_imu.o
    0x080031dc   0x080031dc   0x00000020   Code   RO         5769    i.IMU_GetData_Compensate  imu_compensate.o
    0x080031fc   0x080031fc   0x00000170   Code   RO         5844    i.IMU_data_read_over  dji_imu.o
    0x0800336c   0x0800336c   0x00000080   Code   RO         5770    i.IMU_temp_Control  imu_compensate.o
    0x080033ec   0x080033ec   0x00000030   Code   RO         5605    i.IncrementalPID_paraReset  pid.o
    0x0800341c   0x0800341c   0x00000090   Code   RO         5607    i.Incremental_PID   pid.o
    0x080034ac   0x080034ac   0x00000068   Code   RO          352    i.MX_ADC1_Init      adc.o
    0x08003514   0x08003514   0x00000044   Code   RO          396    i.MX_CAN1_Init      can.o
    0x08003558   0x08003558   0x0000002c   Code   RO          485    i.MX_DMA_Init       dma.o
    0x08003584   0x08003584   0x0000003c   Code   RO          288    i.MX_FREERTOS_Init  freertos.o
    0x080035c0   0x080035c0   0x0000009c   Code   RO          264    i.MX_GPIO_Init      gpio.o
    0x0800365c   0x0800365c   0x00000048   Code   RO          511    i.MX_SPI5_Init      spi.o
    0x080036a4   0x080036a4   0x00000068   Code   RO          554    i.MX_TIM2_Init      tim.o
    0x0800370c   0x0800370c   0x00000098   Code   RO          555    i.MX_TIM3_Init      tim.o
    0x080037a4   0x080037a4   0x0000003c   Code   RO          607    i.MX_USART1_UART_Init  usart.o
    0x080037e0   0x080037e0   0x00000038   Code   RO          608    i.MX_USART6_UART_Init  usart.o
    0x08003818   0x08003818   0x00000002   Code   RO          658    i.MemManage_Handler  stm32f4xx_it.o
    0x0800381a   0x0800381a   0x00000002   PAD
    0x0800381c   0x0800381c   0x00000054   Code   RO          397    i.Motor_2_SendData  can.o
    0x08003870   0x08003870   0x00000054   Code   RO          398    i.Motor_SendData    can.o
    0x080038c4   0x080038c4   0x00000002   Code   RO          659    i.NMI_Handler       stm32f4xx_it.o
    0x080038c6   0x080038c6   0x00000002   PAD
    0x080038c8   0x080038c8   0x00000028   Code   RO         5608    i.PositionPID_paraReset  pid.o
    0x080038f0   0x080038f0   0x0000008c   Code   RO         5610    i.Position_PID      pid.o
    0x0800397c   0x0800397c   0x0000001c   Code   RO         5771    i.Preserve_temp     imu_compensate.o
    0x08003998   0x08003998   0x00000058   Code   RO         2592    i.SPI_EndRxTxTransaction  stm32f4xx_hal_spi.o
    0x080039f0   0x080039f0   0x00000094   Code   RO         2597    i.SPI_WaitFlagStateUntilTimeout  stm32f4xx_hal_spi.o
    0x08003a84   0x08003a84   0x0000004c   Code   RO          289    i.StartDefaultTask  freertos.o
    0x08003ad0   0x08003ad0   0x00000018   Code   RO          290    i.StartTask02       freertos.o
    0x08003ae8   0x08003ae8   0x0000002c   Code   RO         5357    i.SysTick_Handler   port.o
    0x08003b14   0x08003b14   0x00000084   Code   RO           15    i.SystemClock_Config  main.o
    0x08003b98   0x08003b98   0x0000001c   Code   RO         4120    i.SystemInit        system_stm32f4xx.o
    0x08003bb4   0x08003bb4   0x0000000c   Code   RO          660    i.TIM2_IRQHandler   stm32f4xx_it.o
    0x08003bc0   0x08003bc0   0x0000000c   Code   RO          661    i.TIM6_DAC_IRQHandler  stm32f4xx_it.o
    0x08003bcc   0x08003bcc   0x000000c8   Code   RO         2955    i.TIM_Base_SetConfig  stm32f4xx_hal_tim.o
    0x08003c94   0x08003c94   0x00000014   Code   RO         2966    i.TIM_ETR_SetConfig  stm32f4xx_hal_tim.o
    0x08003ca8   0x08003ca8   0x00000010   Code   RO         2967    i.TIM_ITRx_SetConfig  stm32f4xx_hal_tim.o
    0x08003cb8   0x08003cb8   0x00000060   Code   RO         2968    i.TIM_OC1_SetConfig  stm32f4xx_hal_tim.o
    0x08003d18   0x08003d18   0x0000006c   Code   RO         2969    i.TIM_OC2_SetConfig  stm32f4xx_hal_tim.o
    0x08003d84   0x08003d84   0x00000068   Code   RO         2970    i.TIM_OC3_SetConfig  stm32f4xx_hal_tim.o
    0x08003dec   0x08003dec   0x00000050   Code   RO         2971    i.TIM_OC4_SetConfig  stm32f4xx_hal_tim.o
    0x08003e3c   0x08003e3c   0x00000022   Code   RO         2973    i.TIM_TI1_ConfigInputStage  stm32f4xx_hal_tim.o
    0x08003e5e   0x08003e5e   0x00000024   Code   RO         2975    i.TIM_TI2_ConfigInputStage  stm32f4xx_hal_tim.o
    0x08003e82   0x08003e82   0x00000010   Code   RO         3831    i.UART_DMAAbortOnError  stm32f4xx_hal_uart.o
    0x08003e92   0x08003e92   0x0000001c   Code   RO         3841    i.UART_EndRxTransfer  stm32f4xx_hal_uart.o
    0x08003eae   0x08003eae   0x00000096   Code   RO         3843    i.UART_Receive_IT   stm32f4xx_hal_uart.o
    0x08003f44   0x08003f44   0x00000128   Code   RO         3844    i.UART_SetConfig    stm32f4xx_hal_uart.o
    0x0800406c   0x0800406c   0x00000062   Code   RO         3845    i.UART_Transmit_IT  stm32f4xx_hal_uart.o
    0x080040ce   0x080040ce   0x00000002   PAD
    0x080040d0   0x080040d0   0x00000018   Code   RO          662    i.USART1_IRQHandler  stm32f4xx_it.o
    0x080040e8   0x080040e8   0x0000000c   Code   RO          663    i.USART6_IRQHandler  stm32f4xx_it.o
    0x080040f4   0x080040f4   0x000002b0   Code   RO         5772    i.Update_IMU_Data   imu_compensate.o
    0x080043a4   0x080043a4   0x00000002   Code   RO          664    i.UsageFault_Handler  stm32f4xx_it.o
    0x080043a6   0x080043a6   0x00000026   Code   RO         6226    i.__ARM_fpclassifyf  m_wm.l(fpclassifyf.o)
    0x080043cc   0x080043cc   0x00000020   Code   RO         1922    i.__NVIC_SetPriority  stm32f4xx_hal_cortex.o
    0x080043ec   0x080043ec   0x0000012c   Code   RO         6165    i.__hardfp_asinf    m_wm.l(asinf.o)
    0x08004518   0x08004518   0x00000250   Code   RO         6177    i.__hardfp_atan2f   m_wm.l(atan2f.o)
    0x08004768   0x08004768   0x00000006   Code   RO         6229    i.__mathlib_flt_infnan  m_wm.l(funder.o)
    0x0800476e   0x0800476e   0x00000006   Code   RO         6230    i.__mathlib_flt_infnan2  m_wm.l(funder.o)
    0x08004774   0x08004774   0x00000010   Code   RO         6231    i.__mathlib_flt_invalid  m_wm.l(funder.o)
    0x08004784   0x08004784   0x00000010   Code   RO         6234    i.__mathlib_flt_underflow  m_wm.l(funder.o)
    0x08004794   0x08004794   0x0000000e   Code   RO         6293    i.__scatterload_copy  mc_w.l(handlers.o)
    0x080047a2   0x080047a2   0x00000002   Code   RO         6294    i.__scatterload_null  mc_w.l(handlers.o)
    0x080047a4   0x080047a4   0x0000000e   Code   RO         6295    i.__scatterload_zeroinit  mc_w.l(handlers.o)
    0x080047b2   0x080047b2   0x00000002   PAD
    0x080047b4   0x080047b4   0x0000000c   Code   RO         6279    i.__set_errno       mc_w.l(errno.o)
    0x080047c0   0x080047c0   0x0000002a   Code   RO         5611    i.abs_limit         pid.o
    0x080047ea   0x080047ea   0x00000002   PAD
    0x080047ec   0x080047ec   0x000001d0   Code   RO         5984    i.accel_comple_filter  AHRS.lib(ahrs.o)
    0x080049bc   0x080049bc   0x0000018c   Code   RO         5985    i.accel_update_kp_ki  AHRS.lib(ahrs.o)
    0x08004b48   0x08004b48   0x0000004c   Code   RO         5440    i.angle_imu         motor.o
    0x08004b94   0x08004b94   0x0000016c   Code   RO         5986    i.angle_to_quat     AHRS.lib(ahrs.o)
    0x08004d00   0x08004d00   0x00000020   Code   RO         5441    i.change_imu_to_angele  motor.o
    0x08004d20   0x08004d20   0x00000048   Code   RO         5541    i.dbus_uart_init    remoter.o
    0x08004d68   0x08004d68   0x000000f8   Code   RO         5442    i.follow_motor      motor.o
    0x08004e60   0x08004e60   0x000000e4   Code   RO         5443    i.follow_motor_under  motor.o
    0x08004f44   0x08004f44   0x000000e8   Code   RO         5987    i.get_angle         AHRS.lib(ahrs.o)
    0x0800502c   0x0800502c   0x0000001e   Code   RO         5543    i.godie             remoter.o
    0x0800504a   0x0800504a   0x00000100   Code   RO         5845    i.ist8310_init      dji_imu.o
    0x0800514a   0x0800514a   0x00000038   Code   RO         5846    i.ist_reg_read_by_mpu  dji_imu.o
    0x08005182   0x08005182   0x00000042   Code   RO         5847    i.ist_reg_write_by_mpu  dji_imu.o
    0x080051c4   0x080051c4   0x00000058   Code   RO           16    i.main              main.o
    0x0800521c   0x0800521c   0x0000000c   Code   RO         4928    i.makeFreeRtosPriority  cmsis_os.o
    0x08005228   0x08005228   0x00000090   Code   RO         5445    i.moter_TIM2_IRQHandler  motor.o
    0x080052b8   0x080052b8   0x00000068   Code   RO         5848    i.mpu_device_init   dji_imu.o
    0x08005320   0x08005320   0x00000070   Code   RO         5849    i.mpu_get_data      dji_imu.o
    0x08005390   0x08005390   0x0000008e   Code   RO         5850    i.mpu_master_i2c_auto_read_config  dji_imu.o
    0x0800541e   0x0800541e   0x00000002   PAD
    0x08005420   0x08005420   0x000000a8   Code   RO         5851    i.mpu_offset_call   dji_imu.o
    0x080054c8   0x080054c8   0x00000050   Code   RO         5852    i.mpu_read_byte     dji_imu.o
    0x08005518   0x08005518   0x0000005c   Code   RO         5853    i.mpu_read_bytes    dji_imu.o
    0x08005574   0x08005574   0x00000054   Code   RO         5854    i.mpu_write_byte    dji_imu.o
    0x080055c8   0x080055c8   0x0000000e   Code   RO         4930    i.osDelay           cmsis_os.o
    0x080055d6   0x080055d6   0x0000000a   Code   RO         4933    i.osKernelStart     cmsis_os.o
    0x080055e0   0x080055e0   0x00000054   Code   RO         4967    i.osThreadCreate    cmsis_os.o
    0x08005634   0x08005634   0x00000070   Code   RO         4622    i.prvAddCurrentTaskToDelayedList  tasks.o
    0x080056a4   0x080056a4   0x000000d0   Code   RO         4623    i.prvAddNewTaskToReadyList  tasks.o
    0x08005774   0x08005774   0x00000034   Code   RO         4624    i.prvDeleteTCB      tasks.o
    0x080057a8   0x080057a8   0x0000004c   Code   RO         5295    i.prvHeapInit       heap_4.o
    0x080057f4   0x080057f4   0x00000060   Code   RO         4625    i.prvIdleTask       tasks.o
    0x08005854   0x08005854   0x00000098   Code   RO         4626    i.prvInitialiseNewTask  tasks.o
    0x080058ec   0x080058ec   0x0000004c   Code   RO         5296    i.prvInsertBlockIntoFreeList  heap_4.o
    0x08005938   0x08005938   0x00000020   Code   RO         4627    i.prvResetNextTaskUnblockTime  tasks.o
    0x08005958   0x08005958   0x00000028   Code   RO         5358    i.prvTaskExitError  port.o
    0x08005980   0x08005980   0x000000d8   Code   RO         5297    i.pvPortMalloc      heap_4.o
    0x08005a58   0x08005a58   0x0000002c   Code   RO         5359    i.pxPortInitialiseStack  port.o
    0x08005a84   0x08005a84   0x00000084   Code   RO         5992    i.quat_normalization  AHRS.lib(ahrs.o)
    0x08005b08   0x08005b08   0x000000a0   Code   RO         5544    i.rc_callback_handler  remoter.o
    0x08005ba8   0x08005ba8   0x00000014   Code   RO         5446    i.rc_dead           motor.o
    0x08005bbc   0x08005bbc   0x00000054   Code   RO         5447    i.read_start_imu    motor.o
    0x08005c10   0x08005c10   0x0000003e   Code   RO         6247    i.sqrtf             m_wm.l(sqrtf.o)
    0x08005c4e   0x08005c4e   0x00000002   PAD
    0x08005c50   0x08005c50   0x00000060   Code   RO         5545    i.uart_receive_handler  remoter.o
    0x08005cb0   0x08005cb0   0x0000007a   Code   RO         5993    i.update_w          AHRS.lib(ahrs.o)
    0x08005d2a   0x08005d2a   0x00000026   Code   RO         4258    i.uxListRemove      list.o
    0x08005d50   0x08005d50   0x00000014   Code   RO          291    i.vApplicationGetIdleTaskMemory  freertos.o
    0x08005d64   0x08005d64   0x00000016   Code   RO         4259    i.vListInitialise   list.o
    0x08005d7a   0x08005d7a   0x00000006   Code   RO         4260    i.vListInitialiseItem  list.o
    0x08005d80   0x08005d80   0x00000030   Code   RO         4261    i.vListInsert       list.o
    0x08005db0   0x08005db0   0x00000018   Code   RO         4262    i.vListInsertEnd    list.o
    0x08005dc8   0x08005dc8   0x00000040   Code   RO         5361    i.vPortEnterCritical  port.o
    0x08005e08   0x08005e08   0x00000028   Code   RO         5362    i.vPortExitCritical  port.o
    0x08005e30   0x08005e30   0x0000005c   Code   RO         5298    i.vPortFree         heap_4.o
    0x08005e8c   0x08005e8c   0x00000024   Code   RO         5363    i.vPortSetupTimerInterrupt  port.o
    0x08005eb0   0x08005eb0   0x0000004c   Code   RO         4635    i.vTaskDelay        tasks.o
    0x08005efc   0x08005efc   0x0000006c   Code   RO         4648    i.vTaskStartScheduler  tasks.o
    0x08005f68   0x08005f68   0x00000010   Code   RO         4650    i.vTaskSuspendAll   tasks.o
    0x08005f78   0x08005f78   0x0000005c   Code   RO         4651    i.vTaskSwitchContext  tasks.o
    0x08005fd4   0x08005fd4   0x000000f4   Code   RO         5365    i.xPortStartScheduler  port.o
    0x080060c8   0x080060c8   0x0000005a   Code   RO         4653    i.xTaskCreate       tasks.o
    0x08006122   0x08006122   0x00000056   Code   RO         4654    i.xTaskCreateStatic  tasks.o
    0x08006178   0x08006178   0x000000c8   Code   RO         4661    i.xTaskIncrementTick  tasks.o
    0x08006240   0x08006240   0x000000c4   Code   RO         4667    i.xTaskResumeAll    tasks.o
    0x08006304   0x08006304   0x00000038   Data   RO          294    .constdata          freertos.o
    0x0800633c   0x0800633c   0x00000008   Data   RO         1621    .constdata          stm32f4xx_hal_dma.o
    0x08006344   0x08006344   0x00000010   Data   RO         4121    .constdata          system_stm32f4xx.o
    0x08006354   0x08006354   0x00000008   Data   RO         4122    .constdata          system_stm32f4xx.o
    0x0800635c   0x0800635c   0x0000001c   Data   RO         5856    .constdata          dji_imu.o
    0x08006378   0x08006378   0x0000000c   Data   RO         5994    .constdata          AHRS.lib(ahrs.o)
    0x08006384   0x08006384   0x00000018   Data   RO          295    .conststring        freertos.o
    0x0800639c   0x0800639c   0x00000804   Data   RO         6145    .rodata.sinTable_f32  arm_cortexM4lf_math.lib(arm_common_tables.o)
    0x08006ba0   0x08006ba0   0x00000020   Data   RO         6291    Region$$Table       anon$$obj.o


    Execution Region RW_IRAM2 (Exec base: 0x10000000, Load base: 0x08006c18, Size: 0x00000000, Max: 0x00010000, ABSOLUTE)

    **** No section assigned to this execution region ****


    Execution Region RW_IRAM1 (Exec base: 0x20000000, Load base: 0x08006bc0, Size: 0x00004cc8, Max: 0x00030000, ABSOLUTE, COMPRESSED[0x00000058])

    Exec Addr    Load Addr    Size         Type   Attr      Idx    E Section Name        Object

    0x20000000   COMPRESSED   0x00000008   Data   RW          297    .data               freertos.o
    0x20000008   COMPRESSED   0x00000001   Data   RW          405    .data               can.o
    0x20000009   COMPRESSED   0x00000003   PAD
    0x2000000c   COMPRESSED   0x0000000c   Data   RW         2068    .data               stm32f4xx_hal.o
    0x20000018   COMPRESSED   0x00000004   Data   RW         4123    .data               system_stm32f4xx.o
    0x2000001c   COMPRESSED   0x0000003c   Data   RW         4670    .data               tasks.o
    0x20000058   COMPRESSED   0x00000018   Data   RW         5303    .data               heap_4.o
    0x20000070   COMPRESSED   0x0000000c   Data   RW         5366    .data               port.o
    0x2000007c   COMPRESSED   0x00000024   Data   RW         5449    .data               motor.o
    0x200000a0   COMPRESSED   0x00000004   Data   RW         5612    .data               pid.o
    0x200000a4   COMPRESSED   0x00000048   Data   RW         5775    .data               imu_compensate.o
    0x200000ec   COMPRESSED   0x00000008   Data   RW         5776    .data               imu_compensate.o
    0x200000f4   COMPRESSED   0x00000010   Data   RW         5857    .data               dji_imu.o
    0x20000104   COMPRESSED   0x00000086   Data   RW         5858    .data               dji_imu.o
    0x2000018a   COMPRESSED   0x00000002   PAD
    0x2000018c   COMPRESSED   0x00000010   Data   RW         5995    .data               AHRS.lib(ahrs.o)
    0x2000019c   COMPRESSED   0x00000004   Data   RW         6280    .data               mc_w.l(errno.o)
    0x200001a0        -       0x00000254   Zero   RW          293    .bss                freertos.o
    0x200003f4        -       0x00000048   Zero   RW          353    .bss                adc.o
    0x2000043c        -       0x00000090   Zero   RW          403    .bss                can.o
    0x200004cc        -       0x00000058   Zero   RW          512    .bss                spi.o
    0x20000524        -       0x00000080   Zero   RW          556    .bss                tim.o
    0x200005a4        -       0x000000e0   Zero   RW          609    .bss                usart.o
    0x20000684        -       0x00000040   Zero   RW          784    .bss                stm32f4xx_hal_timebase_tim.o
    0x200006c4        -       0x000000f0   Zero   RW         4669    .bss                tasks.o
    0x200007b4        -       0x00003c00   Zero   RW         5302    .bss                heap_4.o
    0x200043b4        -       0x000003b4   Zero   RW         5448    .bss                motor.o
    0x20004768        -       0x0000001e   Zero   RW         5546    .bss                remoter.o
    0x20004786   COMPRESSED   0x00000002   PAD
    0x20004788        -       0x000000f4   Zero   RW         5773    .bss                imu_compensate.o
    0x2000487c        -       0x00000048   Zero   RW         5855    .bss                dji_imu.o
    0x200048c4   COMPRESSED   0x00000004   PAD
    0x200048c8        -       0x00000400   Zero   RW            1    STACK               startup_stm32f427xx.o


==============================================================================

Image component sizes


      Code (inc. data)   RO Data    RW Data    ZI Data      Debug   Object Name

       144         26          0          0         72       1633   adc.o
       100         16          0          0          0       3996   ahrs_middleware.o
       508         46          0          1        144       5481   can.o
       120          0          0          0          0      23153   cmsis_os.o
      1752         94         28        150         72      11469   dji_imu.o
        44          4          0          0          0        874   dma.o
         0          0          0          0          0      15708   event_groups.o
       180         24         80          8        596       3365   freertos.o
       156          8          0          0          0       1119   gpio.o
       460         24          0         24      15360       7347   heap_4.o
       876         74          0         80        244       6920   imu_compensate.o
       138          0          0          0          0       3594   list.o
       242         24          0          0          0     804847   main.o
      1204        140          0         36        948       7441   motor.o
       544         16          0          4          0       4606   pid.o
       702         72          0         12          0      11044   port.o
       358         18          0          0         30       3911   remoter.o
       180         24          0          0         88       1753   spi.o
        36          8        428          0       1024        824   startup_stm32f427xx.o
       116         18          0         12          0       8894   stm32f4xx_hal.o
       736         34          0          0          0       2959   stm32f4xx_hal_adc.o
      1638          6          0          0          0      14127   stm32f4xx_hal_can.o
       158         14          0          0          0      33098   stm32f4xx_hal_cortex.o
       898         16          8          0          0       6319   stm32f4xx_hal_dma.o
       478         54          0          0          0       2500   stm32f4xx_hal_gpio.o
        48          6          0          0          0        950   stm32f4xx_hal_msp.o
      1396         86          0          0          0       5917   stm32f4xx_hal_rcc.o
       846          8          0          0          0       4793   stm32f4xx_hal_spi.o
      1626         80          0          0          0      15030   stm32f4xx_hal_tim.o
       148         28          0          0          0       2525   stm32f4xx_hal_tim_ex.o
       116         16          0          0         64       1507   stm32f4xx_hal_timebase_tim.o
       968         16          0          0          0       7439   stm32f4xx_hal_uart.o
        96         36          0          0          0       6645   stm32f4xx_it.o
         0          0          0          0          0        408   stream_buffer.o
        28          6         24          4          0       1243   system_stm32f4xx.o
      1516        110          0         60        240      19382   tasks.o
       416         36          0          0        128       3141   tim.o
       376         50          0          0        224       2554   usart.o

    ----------------------------------------------------------------------
     19382       1238        600        396      19240    1058516   Object Totals
         0          0         32          0          0          0   (incl. Generated)
        34          0          0          5          6          0   (incl. Padding)

    ----------------------------------------------------------------------

      Code (inc. data)   RO Data    RW Data    ZI Data      Debug   Library Member Name

      2718         84         12         16          0       9922   ahrs.o
         0          0       2052          0          0       3698   arm_common_tables.o
       160         12          0          0          0       1107   arm_cos_f32.o
       152         12          0          0          0       1102   arm_sin_f32.o
       300         42          0          0          0        176   asinf.o
       592         90          0          0          0        184   atan2f.o
        38          0          0          0          0        116   fpclassifyf.o
        44         12          0          0          0        464   funder.o
        62          0          0          0          0        136   sqrtf.o
        86          0          0          0          0          0   __dczerorl2.o
         0          0          0          0          0          0   entry.o
         0          0          0          0          0          0   entry10a.o
         0          0          0          0          0          0   entry11a.o
         8          4          0          0          0          0   entry2.o
         4          0          0          0          0          0   entry5.o
         0          0          0          0          0          0   entry7b.o
         0          0          0          0          0          0   entry8b.o
         8          4          0          0          0          0   entry9a.o
        12          6          0          4          0         68   errno.o
        30          0          0          0          0          0   handlers.o
        36          8          0          0          0         68   init.o
         0          0          0          0          0          0   iusefp.o
        30          0          0          0          0         68   llshl.o
        36          0          0          0          0         68   llsshr.o
        32          0          0          0          0         68   llushr.o
        36          0          0          0          0         68   memcpya.o
        36          0          0          0          0        108   memseta.o
        98          0          0          0          0         92   uldiv.o
        56          0          0          0          0         88   d2f.o
       334          0          0          0          0        148   dadd.o
       186          0          0          0          0        176   depilogue.o
        62          0          0          0          0         80   dfixi.o
        34          0          0          0          0         76   dflti.o
       228          0          0          0          0         96   dmul.o
       110          0          0          0          0        168   fepilogue.o

    ----------------------------------------------------------------------
      5538        274       2064         20          0      18345   Library Totals
        10          0          0          0          0          0   (incl. Padding)

    ----------------------------------------------------------------------

      Code (inc. data)   RO Data    RW Data    ZI Data      Debug   Library Name

      2718         84         12         16          0       9922   AHRS.lib
       312         24       2052          0          0       5907   arm_cortexM4lf_math.lib
      1036        144          0          0          0       1076   m_wm.l
       452         22          0          4          0        608   mc_w.l
      1010          0          0          0          0        832   mf_w.l

    ----------------------------------------------------------------------
      5538        274       2064         20          0      18345   Library Totals

    ----------------------------------------------------------------------

==============================================================================


      Code (inc. data)   RO Data    RW Data    ZI Data      Debug   

     24920       1512       2664        416      19240    1055953   Grand Totals
     24920       1512       2664         88      19240    1055953   ELF Image Totals (compressed)
     24920       1512       2664         88          0          0   ROM Totals

==============================================================================

    Total RO  Size (Code + RO Data)                27584 (  26.94kB)
    Total RW  Size (RW Data + ZI Data)             19656 (  19.20kB)
    Total ROM Size (Code + RO Data + RW Data)      27672 (  27.02kB)

==============================================================================

